This is pdfTeX, Version 3.141592653-2.6-1.40.29 (MiKTeX 26.2) (preloaded format=pdflatex 2026.4.21)  8 JUN 2026 18:18
entering extended mode
 \write18 enabled.
 %&-line parsing enabled.
**./MBZUAI-main.tex
(MBZUAI-main.tex
LaTeX2e <2025-11-01>
L3 programming layer <2026-03-20>
(C:\Users\foxto\AppData\Local\Programs\MiKTeX\tex/latex/base\report.cls
Document Class: report 2025/01/22 v1.4n Standard LaTeX document class
(C:\Users\foxto\AppData\Local\Programs\MiKTeX\tex/latex/base\size12.clo
File: size12.clo 2025/01/22 v1.4n Standard LaTeX file (size option)
)
\c@part=\count275
\c@chapter=\count276
\c@section=\count277
\c@subsection=\count278
\c@subsubsection=\count279
\c@paragraph=\count280
\c@subparagraph=\count281
\c@figure=\count282
\c@table=\count283
\abovecaptionskip=\skip49
\belowcaptionskip=\skip50
\bibindent=\dimen150
)
(C:\Users\foxto\AppData\Local\Programs\MiKTeX\tex/latex/base\ifthen.sty
Package: ifthen 2024/03/16 v1.1e Standard LaTeX ifthen package (DPC)
)
(thesis-preamble.tex
(C:\Users\foxto\AppData\Local\Programs\MiKTeX\tex/latex/base\inputenc.sty
Package: inputenc 2024/02/08 v1.3d Input encoding file
\inpenc@prehook=\toks17
\inpenc@posthook=\toks18
)
(C:\Users\foxto\AppData\Local\Programs\MiKTeX\tex/latex/base\fontenc.sty
Package: fontenc 2025/07/18 v2.1d Standard LaTeX package
)
(C:\Users\foxto\AppData\Local\Programs\MiKTeX\tex/latex/lm\lmodern.sty
Package: lmodern 2015/05/01 v1.6.1 Latin Modern Fonts
LaTeX Font Info:    Overwriting symbol font `operators' in version `normal'
(Font)                  OT1/cmr/m/n --> OT1/lmr/m/n on input line 22.
LaTeX Font Info:    Overwriting symbol font `letters' in version `normal'
(Font)                  OML/cmm/m/it --> OML/lmm/m/it on input line 23.
LaTeX Font Info:    Overwriting symbol font `symbols' in version `normal'
(Font)                  OMS/cmsy/m/n --> OMS/lmsy/m/n on input line 24.
LaTeX Font Info:    Overwriting symbol font `largesymbols' in version `normal'
(Font)                  OMX/cmex/m/n --> OMX/lmex/m/n on input line 25.
LaTeX Font Info:    Overwriting symbol font `operators' in version `bold'
(Font)                  OT1/cmr/bx/n --> OT1/lmr/bx/n on input line 26.
LaTeX Font Info:    Overwriting symbol font `letters' in version `bold'
(Font)                  OML/cmm/b/it --> OML/lmm/b/it on input line 27.
LaTeX Font Info:    Overwriting symbol font `symbols' in version `bold'
(Font)                  OMS/cmsy/b/n --> OMS/lmsy/b/n on input line 28.
LaTeX Font Info:    Overwriting symbol font `largesymbols' in version `bold'
(Font)                  OMX/cmex/m/n --> OMX/lmex/m/n on input line 29.
LaTeX Font Info:    Overwriting math alphabet `\mathbf' in version `normal'
(Font)                  OT1/cmr/bx/n --> OT1/lmr/bx/n on input line 31.
LaTeX Font Info:    Overwriting math alphabet `\mathsf' in version `normal'
(Font)                  OT1/cmss/m/n --> OT1/lmss/m/n on input line 32.
LaTeX Font Info:    Overwriting math alphabet `\mathit' in version `normal'
(Font)                  OT1/cmr/m/it --> OT1/lmr/m/it on input line 33.
LaTeX Font Info:    Overwriting math alphabet `\mathtt' in version `normal'
(Font)                  OT1/cmtt/m/n --> OT1/lmtt/m/n on input line 34.
LaTeX Font Info:    Overwriting math alphabet `\mathbf' in version `bold'
(Font)                  OT1/cmr/bx/n --> OT1/lmr/bx/n on input line 35.
LaTeX Font Info:    Overwriting math alphabet `\mathsf' in version `bold'
(Font)                  OT1/cmss/bx/n --> OT1/lmss/bx/n on input line 36.
LaTeX Font Info:    Overwriting math alphabet `\mathit' in version `bold'
(Font)                  OT1/cmr/bx/it --> OT1/lmr/bx/it on input line 37.
LaTeX Font Info:    Overwriting math alphabet `\mathtt' in version `bold'
(Font)                  OT1/cmtt/m/n --> OT1/lmtt/m/n on input line 38.
)
(C:\Users\foxto\AppData\Local\Programs\MiKTeX\tex/generic/babel\babel.sty
Package: babel 2026/03/24 v26.5 The multilingual framework for LuaLaTeX, pdfLaT
eX and XeLaTeX
\babel@savecnt=\count284
LaTeX Encoding Info:    Redeclaring text command \ij (encoding OT1) on input li
ne 2078.
LaTeX Encoding Info:    Redeclaring text command \IJ (encoding OT1) on input li
ne 2080.
LaTeX Encoding Info:    Redeclaring text command \ij (encoding T1) on input lin
e 2082.
LaTeX Encoding Info:    Redeclaring text command \IJ (encoding T1) on input lin
e 2083.
LaTeX Encoding Info:    Ignoring declaration for text command \ij (encoding ?) 
on input line 2084.
LaTeX Encoding Info:    Ignoring declaration for text command \IJ (encoding ?) 
on input line 2086.
LaTeX Encoding Info:    Ignoring declaration for text command \SS (encoding ?) 
on input line 2111.
\U@D=\dimen151
\l@unhyphenated=\language79

(C:\Users\foxto\AppData\Local\Programs\MiKTeX\tex/generic/babel\txtbabel.def)
\bbl@readstream=\read2
\bbl@dirlevel=\count285
Package babel Info: Configuration files are deprecated, as
(babel)             they can break document portability.
(babel)             Reported on input line 4206.

*************************************
* Local config file bblopts.cfg used
*
(C:\Users\foxto\AppData\Local\Programs\MiKTeX\tex/latex/arabi\bblopts.cfg
File: bblopts.cfg 2005/09/08 v0.1 add Arabic and Farsi to "declared" options of
 babel
)
(C:\Users\foxto\AppData\Local\Programs\MiKTeX\tex/generic/babel/locale/pl\babel
-polish.tex)
Package babel Info: Importing font and identification data for polish
(babel)             from babel-pl.ini. Reported on input line 4330.

(C:\Users\foxto\AppData\Local\Programs\MiKTeX\tex/latex/babel-polish\polish.ldf
Language: polish 2022/03/12 1.3 Babel support for Polish
Package babel Info: Making " an active character on input line 101.
))
(C:\Users\foxto\AppData\Local\Programs\MiKTeX\tex/latex/geometry\geometry.sty
Package: geometry 2026/03/07 v6.0 Page Geometry

(C:\Users\foxto\AppData\Local\Programs\MiKTeX\tex/latex/graphics\keyval.sty
Package: keyval 2022/05/29 v1.15 key=value parser (DPC)
\KV@toks@=\toks19
)
(C:\Users\foxto\AppData\Local\Programs\MiKTeX\tex/generic/iftex\ifvtex.sty
Package: ifvtex 2019/10/25 v1.7 ifvtex legacy package. Use iftex instead.

(C:\Users\foxto\AppData\Local\Programs\MiKTeX\tex/generic/iftex\iftex.sty
Package: iftex 2024/12/12 v1.0g TeX engine tests
))
\Gm@cnth=\count286
\Gm@cntv=\count287
\c@Gm@tempcnt=\count288
\Gm@bindingoffset=\dimen152
\Gm@wd@mp=\dimen153
\Gm@odd@mp=\dimen154
\Gm@even@mp=\dimen155
\Gm@layoutwidth=\dimen156
\Gm@layoutheight=\dimen157
\Gm@layouthoffset=\dimen158
\Gm@layoutvoffset=\dimen159
\Gm@dimlist=\toks20

(C:\Users\foxto\AppData\Local\Programs\MiKTeX\tex/latex/geometry\geometry.cfg))
(C:\Users\foxto\AppData\Local\Programs\MiKTeX\tex/latex/fancyhdr\fancyhdr.sty
Package: fancyhdr 2025/02/07 v5.2 Extensive control of page headers and footers

\f@nch@headwidth=\skip51
\f@nch@offset@elh=\skip52
\f@nch@offset@erh=\skip53
\f@nch@offset@olh=\skip54
\f@nch@offset@orh=\skip55
\f@nch@offset@elf=\skip56
\f@nch@offset@erf=\skip57
\f@nch@offset@olf=\skip58
\f@nch@offset@orf=\skip59
\f@nch@height=\skip60
\f@nch@footalignment=\skip61
\f@nch@widthL=\skip62
\f@nch@widthC=\skip63
\f@nch@widthR=\skip64
\@temptokenb=\toks21
)
(C:\Users\foxto\AppData\Local\Programs\MiKTeX\tex/latex/setspace\setspace.sty
Package: setspace 2022/12/04 v6.7b set line spacing
)
(C:\Users\foxto\AppData\Local\Programs\MiKTeX\tex/latex/caption\caption.sty
Package: caption 2023/08/05 v3.6o Customizing captions (AR)

(C:\Users\foxto\AppData\Local\Programs\MiKTeX\tex/latex/caption\caption3.sty
Package: caption3 2023/07/31 v2.4d caption3 kernel (AR)
\caption@tempdima=\dimen160
\captionmargin=\dimen161
\caption@leftmargin=\dimen162
\caption@rightmargin=\dimen163
\caption@width=\dimen164
\caption@indent=\dimen165
\caption@parindent=\dimen166
\caption@hangindent=\dimen167
Package caption Info: Standard document class detected.
)
\c@caption@flags=\count289
\c@continuedfloat=\count290
)
(C:\Users\foxto\AppData\Local\Programs\MiKTeX\tex/latex/amsmath\amsmath.sty
Package: amsmath 2025/07/09 v2.17z AMS math features
\@mathmargin=\skip65

For additional information on amsmath, use the `?' option.
(C:\Users\foxto\AppData\Local\Programs\MiKTeX\tex/latex/amsmath\amstext.sty
Package: amstext 2024/11/17 v2.01 AMS text

(C:\Users\foxto\AppData\Local\Programs\MiKTeX\tex/latex/amsmath\amsgen.sty
File: amsgen.sty 1999/11/30 v2.0 generic functions
\@emptytoks=\toks22
\ex@=\dimen168
))
(C:\Users\foxto\AppData\Local\Programs\MiKTeX\tex/latex/amsmath\amsbsy.sty
Package: amsbsy 1999/11/29 v1.2d Bold Symbols
\pmbraise@=\dimen169
)
(C:\Users\foxto\AppData\Local\Programs\MiKTeX\tex/latex/amsmath\amsopn.sty
Package: amsopn 2022/04/08 v2.04 operator names
)
\inf@bad=\count291
LaTeX Info: Redefining \frac on input line 233.
\uproot@=\count292
\leftroot@=\count293
LaTeX Info: Redefining \overline on input line 398.
LaTeX Info: Redefining \colon on input line 409.
\classnum@=\count294
\DOTSCASE@=\count295
LaTeX Info: Redefining \ldots on input line 495.
LaTeX Info: Redefining \dots on input line 498.
LaTeX Info: Redefining \cdots on input line 619.
\Mathstrutbox@=\box53
\strutbox@=\box54
LaTeX Info: Redefining \big on input line 721.
LaTeX Info: Redefining \Big on input line 722.
LaTeX Info: Redefining \bigg on input line 723.
LaTeX Info: Redefining \Bigg on input line 724.
\big@size=\dimen170
LaTeX Font Info:    Redeclaring font encoding OML on input line 742.
LaTeX Font Info:    Redeclaring font encoding OMS on input line 743.
\macc@depth=\count296
LaTeX Info: Redefining \bmod on input line 904.
LaTeX Info: Redefining \pmod on input line 909.
LaTeX Info: Redefining \smash on input line 939.
LaTeX Info: Redefining \relbar on input line 969.
LaTeX Info: Redefining \Relbar on input line 970.
\c@MaxMatrixCols=\count297
\dotsspace@=\muskip17
\c@parentequation=\count298
\dspbrk@lvl=\count299
\tag@help=\toks23
\row@=\count300
\column@=\count301
\maxfields@=\count302
\andhelp@=\toks24
\eqnshift@=\dimen171
\alignsep@=\dimen172
\tagshift@=\dimen173
\tagwidth@=\dimen174
\totwidth@=\dimen175
\lineht@=\dimen176
\@envbody=\toks25
\multlinegap=\skip66
\multlinetaggap=\skip67
\mathdisplay@stack=\toks26
LaTeX Info: Redefining \[ on input line 2950.
LaTeX Info: Redefining \] on input line 2951.
)
(C:\Users\foxto\AppData\Local\Programs\MiKTeX\tex/latex/amsfonts\amssymb.sty
Package: amssymb 2013/01/14 v3.01 AMS font symbols

(C:\Users\foxto\AppData\Local\Programs\MiKTeX\tex/latex/amsfonts\amsfonts.sty
Package: amsfonts 2013/01/14 v3.01 Basic AMSFonts support
\symAMSa=\mathgroup4
\symAMSb=\mathgroup5
LaTeX Font Info:    Redeclaring math symbol \hbar on input line 98.
LaTeX Font Info:    Overwriting math alphabet `\mathfrak' in version `bold'
(Font)                  U/euf/m/n --> U/euf/b/n on input line 106.
)) (C:\Users\foxto\AppData\Local\Programs\MiKTeX\tex/latex/graphics\graphicx.st
y
Package: graphicx 2024/12/31 v1.2e Enhanced LaTeX Graphics (DPC,SPQR)

(C:\Users\foxto\AppData\Local\Programs\MiKTeX\tex/latex/graphics\graphics.sty
Package: graphics 2024/08/06 v1.4g Standard LaTeX Graphics (DPC,SPQR)

(C:\Users\foxto\AppData\Local\Programs\MiKTeX\tex/latex/graphics\trig.sty
Package: trig 2023/12/02 v1.11 sin cos tan (DPC)
)
(C:\Users\foxto\AppData\Local\Programs\MiKTeX\tex/latex/graphics-cfg\graphics.c
fg
File: graphics.cfg 2016/06/04 v1.11 sample graphics configuration
)
Package graphics Info: Driver file: pdftex.def on input line 106.

(C:\Users\foxto\AppData\Local\Programs\MiKTeX\tex/latex/graphics-def\pdftex.def
File: pdftex.def 2025/09/29 v1.2d Graphics/color driver for pdftex
))
\Gin@req@height=\dimen177
\Gin@req@width=\dimen178
) (C:\Users\foxto\AppData\Local\Programs\MiKTeX\tex/latex/tools\longtable.sty
Package: longtable 2025-10-13 v4.24 Multi-page Table package (DPC)
\LTleft=\skip68
\LTright=\skip69
\LTpre=\skip70
\LTpost=\skip71
\LTchunksize=\count303
\LTcapwidth=\dimen179
\LT@head=\box55
\LT@firsthead=\box56
\LT@foot=\box57
\LT@lastfoot=\box58
\LT@gbox=\box59
\LT@cols=\count304
\LT@rows=\count305
\c@LT@tables=\count306
\c@LT@chunks=\count307
\LT@p@ftn=\toks27
) (C:\Users\foxto\AppData\Local\Programs\MiKTeX\tex/latex/placeins\placeins.sty
Package: placeins 2005/04/18  v 2.2
) (C:\Users\foxto\AppData\Local\Programs\MiKTeX\tex/latex/xcolor\xcolor.sty
Package: xcolor 2024/09/29 v3.02 LaTeX color extensions (UK)

(C:\Users\foxto\AppData\Local\Programs\MiKTeX\tex/latex/graphics-cfg\color.cfg
File: color.cfg 2016/01/02 v1.6 sample color configuration
)
Package xcolor Info: Driver file: pdftex.def on input line 274.
(C:\Users\foxto\AppData\Local\Programs\MiKTeX\tex/latex/graphics\mathcolor.ltx)
Package xcolor Info: Model `cmy' substituted by `cmy0' on input line 1349.
Package xcolor Info: Model `hsb' substituted by `rgb' on input line 1353.
Package xcolor Info: Model `RGB' extended on input line 1365.
Package xcolor Info: Model `HTML' substituted by `rgb' on input line 1367.
Package xcolor Info: Model `Hsb' substituted by `hsb' on input line 1368.
Package xcolor Info: Model `tHsb' substituted by `hsb' on input line 1369.
Package xcolor Info: Model `HSB' substituted by `hsb' on input line 1370.
Package xcolor Info: Model `Gray' substituted by `gray' on input line 1371.
Package xcolor Info: Model `wave' substituted by `hsb' on input line 1372.
) (C:\Users\foxto\AppData\Local\Programs\MiKTeX\tex/latex/listings\listings.sty
\lst@mode=\count308
\lst@gtempboxa=\box60
\lst@token=\toks28
\lst@length=\count309
\lst@currlwidth=\dimen180
\lst@column=\count310
\lst@pos=\count311
\lst@lostspace=\dimen181
\lst@width=\dimen182
\lst@newlines=\count312
\lst@lineno=\count313
\lst@maxwidth=\dimen183
(C:\Users\foxto\AppData\Local\Programs\MiKTeX\tex/latex/listings\lstpatch.sty
File: lstpatch.sty 2025/11/14 1.11b (Carsten Heinz)
)
(C:\Users\foxto\AppData\Local\Programs\MiKTeX\tex/latex/listings\lstmisc.sty
File: lstmisc.sty 2025/11/14 1.11b (Carsten Heinz)
\c@lstnumber=\count314
\lst@skipnumbers=\count315
\lst@framebox=\box61
)
(C:\Users\foxto\AppData\Local\Programs\MiKTeX\tex/latex/listings\listings.cfg
File: listings.cfg 2025/11/14 1.11b listings configuration
))
Package: listings 2025/11/14 1.11b (Carsten Heinz)
==> First Aid for listings.sty no longer applied!
    Expected:
        2024/09/23 1.10c (Carsten Heinz)
    but found:
        2025/11/14 1.11b (Carsten Heinz)
    so I'm assuming it got fixed.
(C:\Users\foxto\AppData\Local\Programs\MiKTeX\tex/latex/nomentbl\nomentbl.sty
Package: nomentbl 2006/04/14 v0.4 Nomenclature in a longtable environment

(C:\Users\foxto\AppData\Local\Programs\MiKTeX\tex/latex/nomencl\nomencl.sty
Package: nomencl 2021/11/10 v5.6 Nomenclature package

(C:\Users\foxto\AppData\Local\Programs\MiKTeX\tex/latex/xkeyval\xkeyval.sty
Package: xkeyval 2022/06/16 v2.9 package option processing (HA)

(C:\Users\foxto\AppData\Local\Programs\MiKTeX\tex/generic/xkeyval\xkeyval.tex
(C:\Users\foxto\AppData\Local\Programs\MiKTeX\tex/generic/xkeyval\xkvutils.tex
\XKV@toks=\toks29
\XKV@tempa@toks=\toks30
)
\XKV@depth=\count316
File: xkeyval.tex 2014/12/03 v2.7a key=value parser (HA)
))
(C:\Users\foxto\AppData\Local\Programs\MiKTeX\tex/latex/koma-script\tocbasic.st
y
Package: tocbasic 2026/02/02 v3.49.2 KOMA-Script package (handling toc-files)

(C:\Users\foxto\AppData\Local\Programs\MiKTeX\tex/latex/koma-script\scrbase.sty
Package: scrbase 2026/02/02 v3.49.2 KOMA-Script package (KOMA-Script-independen
t basics and keyval usage)

(C:\Users\foxto\AppData\Local\Programs\MiKTeX\tex/latex/koma-script\scrlfile.st
y
Package: scrlfile 2026/02/02 v3.49.2 KOMA-Script package (file load hooks)

(C:\Users\foxto\AppData\Local\Programs\MiKTeX\tex/latex/koma-script\scrlfile-ho
ok.sty
Package: scrlfile-hook 2026/02/02 v3.49.2 KOMA-Script package (using LaTeX hook
s)

(C:\Users\foxto\AppData\Local\Programs\MiKTeX\tex/latex/koma-script\scrlogo.sty
Package: scrlogo 2026/02/02 v3.49.2 KOMA-Script package (logo)
)))
Applying: [2021/05/01] Usage of raw or classic option list on input line 254.
Already applied: [0000/00/00] Usage of raw or classic option list on input line
 370.
)
\scr@dte@tocline@numberwidth=\skip72
\scr@dte@tocline@numbox=\box62
)
Package tocbasic Info: setting babel extension for `nlo' on input line 187.
Package tocbasic Info: setting babel extension for `nls' on input line 188.
\nomlabelwidth=\dimen184
\nom@tempdim=\dimen185
\nomitemsep=\skip73
) (C:\Users\foxto\AppData\Local\Programs\MiKTeX\tex/latex/tools\calc.sty
Package: calc 2025/03/01 v4.3b Infix arithmetic (KKT,FJ)
\calc@Acount=\count317
\calc@Bcount=\count318
\calc@Adimen=\dimen186
\calc@Bdimen=\dimen187
\calc@Askip=\skip74
\calc@Bskip=\skip75
LaTeX Info: Redefining \setlength on input line 86.
LaTeX Info: Redefining \addtolength on input line 87.
\calc@Ccount=\count319
\calc@Cskip=\skip76
)
(C:\Users\foxto\AppData\Local\Programs\MiKTeX\tex/latex/tools\array.sty
Package: array 2025/09/25 v2.6n Tabular extension package (FMi)
\col@sep=\dimen188
\ar@mcellbox=\box63
\extrarowheight=\dimen189
\NC@list=\toks31
\extratabsurround=\skip77
\backup@length=\skip78
\ar@cellbox=\box64
))
\@nomenclaturefile=\write3
\openout3 = `MBZUAI-main.nlo'.

Package nomencl Info: Writing nomenclature file MBZUAI-main.nlo on input line 1
47.

(C:\Users\foxto\AppData\Local\Programs\MiKTeX\tex/generic/iftex\ifpdf.sty
Package: ifpdf 2019/10/25 v3.4 ifpdf legacy package. Use iftex instead.
)
(C:\Users\foxto\AppData\Local\Programs\MiKTeX\tex/latex/hyperref\hyperref.sty
Package: hyperref 2026-01-29 v7.01p Hypertext links for LaTeX

(C:\Users\foxto\AppData\Local\Programs\MiKTeX\tex/latex/kvsetkeys\kvsetkeys.sty
Package: kvsetkeys 2022-10-05 v1.19 Key value parser (HO)
)
(C:\Users\foxto\AppData\Local\Programs\MiKTeX\tex/generic/kvdefinekeys\kvdefine
keys.sty
Package: kvdefinekeys 2019-12-19 v1.6 Define keys (HO)
)
(C:\Users\foxto\AppData\Local\Programs\MiKTeX\tex/generic/pdfescape\pdfescape.s
ty
Package: pdfescape 2019/12/09 v1.15 Implements pdfTeX's escape features (HO)

(C:\Users\foxto\AppData\Local\Programs\MiKTeX\tex/generic/ltxcmds\ltxcmds.sty
Package: ltxcmds 2023-12-04 v1.26 LaTeX kernel commands for general use (HO)
)
(C:\Users\foxto\AppData\Local\Programs\MiKTeX\tex/generic/pdftexcmds\pdftexcmds
.sty
Package: pdftexcmds 2020-06-27 v0.33 Utility functions of pdfTeX for LuaTeX (HO
)

(C:\Users\foxto\AppData\Local\Programs\MiKTeX\tex/generic/infwarerr\infwarerr.s
ty
Package: infwarerr 2019/12/03 v1.5 Providing info/warning/error messages (HO)
)
Package pdftexcmds Info: \pdf@primitive is available.
Package pdftexcmds Info: \pdf@ifprimitive is available.
Package pdftexcmds Info: \pdfdraftmode found.
))
(C:\Users\foxto\AppData\Local\Programs\MiKTeX\tex/latex/hycolor\hycolor.sty
Package: hycolor 2020-01-27 v1.10 Color options for hyperref/bookmark (HO)
)
(C:\Users\foxto\AppData\Local\Programs\MiKTeX\tex/latex/hyperref\nameref.sty
Package: nameref 2026-01-29 v2.58 Cross-referencing by name of section

(C:\Users\foxto\AppData\Local\Programs\MiKTeX\tex/latex/refcount\refcount.sty
Package: refcount 2019/12/15 v3.6 Data extraction from label references (HO)
)
(C:\Users\foxto\AppData\Local\Programs\MiKTeX\tex/generic/gettitlestring\gettit
lestring.sty
Package: gettitlestring 2019/12/15 v1.6 Cleanup title references (HO)

(C:\Users\foxto\AppData\Local\Programs\MiKTeX\tex/latex/kvoptions\kvoptions.sty
Package: kvoptions 2022-06-15 v3.15 Key value format for package options (HO)
))
\c@section@level=\count320
)
(C:\Users\foxto\AppData\Local\Programs\MiKTeX\tex/latex/etoolbox\etoolbox.sty
Package: etoolbox 2025/10/02 v2.5m e-TeX tools for LaTeX (JAW)
\etb@tempcnta=\count321
)
(C:\Users\foxto\AppData\Local\Programs\MiKTeX\tex/generic/stringenc\stringenc.s
ty
Package: stringenc 2019/11/29 v1.12 Convert strings between diff. encodings (HO
)
)
\@linkdim=\dimen190
\Hy@linkcounter=\count322
\Hy@pagecounter=\count323
 (C:\Users\foxto\AppData\Local\Programs\MiKTeX\tex/latex/hyperref\pd1enc.def
File: pd1enc.def 2026-01-29 v7.01p Hyperref: PDFDocEncoding definition (HO)
Now handling font encoding PD1 ...
... no UTF-8 mapping file for font encoding PD1
) (C:\Users\foxto\AppData\Local\Programs\MiKTeX\tex/generic/intcalc\intcalc.sty
Package: intcalc 2019/12/15 v1.3 Expandable calculations with integers (HO)
)
\Hy@SavedSpaceFactor=\count324
 (C:\Users\foxto\AppData\Local\Programs\MiKTeX\tex/latex/hyperref\puenc.def
File: puenc.def 2026-01-29 v7.01p Hyperref: PDF Unicode definition (HO)
Now handling font encoding PU ...
... no UTF-8 mapping file for font encoding PU
)
Package hyperref Info: Hyper figures OFF on input line 4201.
Package hyperref Info: Link nesting OFF on input line 4206.
Package hyperref Info: Hyper index ON on input line 4209.
Package hyperref Info: Plain pages OFF on input line 4216.
Package hyperref Info: Backreferencing OFF on input line 4221.
Package hyperref Info: Implicit mode ON; LaTeX internals redefined.
Package hyperref Info: Bookmarks ON on input line 4468.
LaTeX Info: Redefining \href on input line 4718.
\c@Hy@tempcnt=\count325

(C:\Users\foxto\AppData\Local\Programs\MiKTeX\tex/latex/url\url.sty
\Urlmuskip=\muskip18
Package: url 2013/09/16  ver 3.4  Verb mode for urls, etc.
)
LaTeX Info: Redefining \url on input line 4807.
\XeTeXLinkMargin=\dimen191

(C:\Users\foxto\AppData\Local\Programs\MiKTeX\tex/generic/bitset\bitset.sty
Package: bitset 2019/12/09 v1.3 Handle bit-vector datatype (HO)

(C:\Users\foxto\AppData\Local\Programs\MiKTeX\tex/generic/bigintcalc\bigintcalc
.sty
Package: bigintcalc 2019/12/15 v1.5 Expandable calculations on big integers (HO
)
))
\Fld@menulength=\count326
\Field@Width=\dimen192
\Fld@charsize=\dimen193
Package hyperref Info: Hyper figures OFF on input line 6084.
Package hyperref Info: Link nesting OFF on input line 6089.
Package hyperref Info: Hyper index ON on input line 6092.
Package hyperref Info: backreferencing OFF on input line 6099.
Package hyperref Info: Link coloring OFF on input line 6104.
Package hyperref Info: Link coloring with OCG OFF on input line 6109.
Package hyperref Info: PDF/A mode OFF on input line 6114.
\Hy@abspage=\count327
\c@Item=\count328
\c@Hfootnote=\count329
)
Package hyperref Info: Driver: hpdftex.

(C:\Users\foxto\AppData\Local\Programs\MiKTeX\tex/latex/hyperref\hpdftex.def
File: hpdftex.def 2026-01-29 v7.01p Hyperref driver for pdfTeX
\Fld@listcount=\count330
\c@bookmark@seq@number=\count331

(C:\Users\foxto\AppData\Local\Programs\MiKTeX\tex/latex/rerunfilecheck\rerunfil
echeck.sty
Package: rerunfilecheck 2025-06-21 v1.11 Rerun checks for auxiliary files (HO)

(C:\Users\foxto\AppData\Local\Programs\MiKTeX\tex/generic/uniquecounter\uniquec
ounter.sty
Package: uniquecounter 2019/12/15 v1.4 Provide unlimited unique counter (HO)
)
Package uniquecounter Info: New unique counter `rerunfilecheck' on input line 2
84.
)
\Hy@SectionHShift=\skip79
)) (private/thesis-margins-and-spaces.tex)
LaTeX Font Info:    Trying to load font information for T1+lmr on input line 43
.

(C:\Users\foxto\AppData\Local\Programs\MiKTeX\tex/latex/lm\t1lmr.fd
File: t1lmr.fd 2015/05/01 v1.6.1 Font defs for Latin Modern
)
(C:\Users\foxto\AppData\Local\Programs\MiKTeX\tex/latex/l3backend\l3backend-pdf
tex.def
File: l3backend-pdftex.def 2026-02-18 L3 backend support: PDF output (pdfTeX)
\l__color_backend_stack_int=\count332
)
(C:\Users\foxto\Documents\GitHub\Praca_Magisterska_LaTex_Echo_of_Vanitas\LaTex\
Master_Degree_Project\build\MBZUAI-main.aux
Package babel Info: 'polish' activates 'polish' shorthands.
(babel)             Reported on input line 8.

(C:\Users\foxto\Documents\GitHub\Praca_Magisterska_LaTex_Echo_of_Vanitas\LaTex\
Master_Degree_Project\build\Chapters/Chapter_00.aux)
(C:\Users\foxto\Documents\GitHub\Praca_Magisterska_LaTex_Echo_of_Vanitas\LaTex\
Master_Degree_Project\build\Chapters/Chapter_01.aux)
(C:\Users\foxto\Documents\GitHub\Praca_Magisterska_LaTex_Echo_of_Vanitas\LaTex\
Master_Degree_Project\build\Chapters/Chapter_02.aux)
(C:\Users\foxto\Documents\GitHub\Praca_Magisterska_LaTex_Echo_of_Vanitas\LaTex\
Master_Degree_Project\build\Chapters/Chapter_03.aux)
(C:\Users\foxto\Documents\GitHub\Praca_Magisterska_LaTex_Echo_of_Vanitas\LaTex\
Master_Degree_Project\build\Chapters/Chapter_04.aux)
(C:\Users\foxto\Documents\GitHub\Praca_Magisterska_LaTex_Echo_of_Vanitas\LaTex\
Master_Degree_Project\build\Chapters/Chapter_05.aux)
(C:\Users\foxto\Documents\GitHub\Praca_Magisterska_LaTex_Echo_of_Vanitas\LaTex\
Master_Degree_Project\build\Chapters/Appendix_A.aux)
(C:\Users\foxto\Documents\GitHub\Praca_Magisterska_LaTex_Echo_of_Vanitas\LaTex\
Master_Degree_Project\build\Chapters/Appendix_B.aux))
\openout1 = `MBZUAI-main.aux'.

LaTeX Font Info:    Checking defaults for OML/cmm/m/it on input line 43.
LaTeX Font Info:    ... okay on input line 43.
LaTeX Font Info:    Checking defaults for OMS/cmsy/m/n on input line 43.
LaTeX Font Info:    ... okay on input line 43.
LaTeX Font Info:    Checking defaults for OT1/cmr/m/n on input line 43.
LaTeX Font Info:    ... okay on input line 43.
LaTeX Font Info:    Checking defaults for T1/cmr/m/n on input line 43.
LaTeX Font Info:    ... okay on input line 43.
LaTeX Font Info:    Checking defaults for TS1/cmr/m/n on input line 43.
LaTeX Font Info:    ... okay on input line 43.
LaTeX Font Info:    Checking defaults for OMX/cmex/m/n on input line 43.
LaTeX Font Info:    ... okay on input line 43.
LaTeX Font Info:    Checking defaults for U/cmr/m/n on input line 43.
LaTeX Font Info:    ... okay on input line 43.
LaTeX Font Info:    Checking defaults for PD1/pdf/m/n on input line 43.
LaTeX Font Info:    ... okay on input line 43.
LaTeX Font Info:    Checking defaults for PU/pdf/m/n on input line 43.
LaTeX Font Info:    ... okay on input line 43.

*geometry* driver: auto-detecting
*geometry* detected driver: pdftex
*geometry* verbose mode - [ preamble ] result:
* driver: pdftex
* paper: a4paper
* layout: <same size as paper>
* layoutoffset:(h,v)=(0.0pt,0.0pt)
* modes: 
* h-part:(L,W,R)=(99.58464pt, 455.24411pt, 42.67912pt)
* v-part:(T,H,B)=(71.13188pt, 702.78308pt, 71.13188pt)
* \paperwidth=597.50787pt
* \paperheight=845.04684pt
* \textwidth=455.24411pt
* \textheight=702.78308pt
* \oddsidemargin=27.31465pt
* \evensidemargin=27.31465pt
* \topmargin=-39.9003pt
* \headheight=16.0pt
* \headsep=22.76219pt
* \topskip=12.0pt
* \footskip=39.83385pt
* \marginparwidth=0.0pt
* \marginparsep=0.0pt
* \columnsep=10.0pt
* \skip\footins=10.8pt plus 4.0pt minus 2.0pt
* \hoffset=0.0pt
* \voffset=0.0pt
* \mag=1000
* \@twocolumnfalse
* \@twosidefalse
* \@mparswitchfalse
* \@reversemarginfalse
* (1in=72.27pt=25.4mm, 1cm=28.453pt)

Package caption Info: Begin \AtBeginDocument code.
Package caption Info: hyperref package is loaded.
Package caption Info: listings package is loaded.
Package caption Info: longtable package is loaded.
(C:\Users\foxto\AppData\Local\Programs\MiKTeX\tex/latex/caption\ltcaption.sty
Package: ltcaption 2021/01/08 v1.4c longtable captions (AR)
)
Package caption Info: End \AtBeginDocument code.

(C:\Users\foxto\AppData\Local\Programs\MiKTeX\tex/context/base/mkii\supp-pdf.mk
ii
[Loading MPS to PDF converter (version 2006.09.02).]
\scratchcounter=\count333
\scratchdimen=\dimen194
\scratchbox=\box65
\nofMPsegments=\count334
\nofMParguments=\count335
\everyMPshowfont=\toks32
\MPscratchCnt=\count336
\MPscratchDim=\dimen195
\MPnumerator=\count337
\makeMPintoPDFobject=\count338
\everyMPtoPDFconversion=\toks33
)
(C:\Users\foxto\AppData\Local\Programs\MiKTeX\tex/latex/epstopdf-pkg\epstopdf-b
ase.sty
Package: epstopdf-base 2020-01-24 v2.11 Base part for package epstopdf
Package epstopdf-base Info: Redefining graphics rule for `.eps' on input line 4
85.

(C:\Users\foxto\AppData\Local\Programs\MiKTeX\tex/latex/00miktex\epstopdf-sys.c
fg
File: epstopdf-sys.cfg 2021/03/18 v2.0 Configuration of epstopdf for MiKTeX
))
\c@lstlisting=\count339
Package tocbasic Info: setting babel extension for `lol' on input line 43.
Package hyperref Info: Link coloring OFF on input line 43.

(C:\Users\foxto\Documents\GitHub\Praca_Magisterska_LaTex_Echo_of_Vanitas\LaTex\
Master_Degree_Project\build\MBZUAI-main.out)
(C:\Users\foxto\Documents\GitHub\Praca_Magisterska_LaTex_Echo_of_Vanitas\LaTex\
Master_Degree_Project\build\MBZUAI-main.out)
\@outlinefile=\write4
\openout4 = `MBZUAI-main.out'.

 (private/frontpage.tex
LaTeX Font Info:    Trying to load font information for OT1+lmr on input line 3
7.

(C:\Users\foxto\AppData\Local\Programs\MiKTeX\tex/latex/lm\ot1lmr.fd
File: ot1lmr.fd 2015/05/01 v1.6.1 Font defs for Latin Modern
)
LaTeX Font Info:    Trying to load font information for OML+lmm on input line 3
7.

(C:\Users\foxto\AppData\Local\Programs\MiKTeX\tex/latex/lm\omllmm.fd
File: omllmm.fd 2015/05/01 v1.6.1 Font defs for Latin Modern
)
LaTeX Font Info:    Trying to load font information for OMS+lmsy on input line 
37.

(C:\Users\foxto\AppData\Local\Programs\MiKTeX\tex/latex/lm\omslmsy.fd
File: omslmsy.fd 2015/05/01 v1.6.1 Font defs for Latin Modern
)
LaTeX Font Info:    Trying to load font information for OMX+lmex on input line 
37.

(C:\Users\foxto\AppData\Local\Programs\MiKTeX\tex/latex/lm\omxlmex.fd
File: omxlmex.fd 2015/05/01 v1.6.1 Font defs for Latin Modern
)
LaTeX Font Info:    External font `lmex10' loaded for size
(Font)              <12> on input line 37.
LaTeX Font Info:    External font `lmex10' loaded for size
(Font)              <8> on input line 37.
LaTeX Font Info:    External font `lmex10' loaded for size
(Font)              <6> on input line 37.
LaTeX Font Info:    Trying to load font information for U+msa on input line 37.


(C:\Users\foxto\AppData\Local\Programs\MiKTeX\tex/latex/amsfonts\umsa.fd
File: umsa.fd 2013/01/14 v3.01 AMS symbols A
)
LaTeX Font Info:    Trying to load font information for U+msb on input line 37.


(C:\Users\foxto\AppData\Local\Programs\MiKTeX\tex/latex/amsfonts\umsb.fd
File: umsb.fd 2013/01/14 v3.01 AMS symbols B
)
[1

{C:/Users/foxto/AppData/Local/MiKTeX/fonts/map/pdftex/pdftex.map}{C:/Users/foxt
o/AppData/Local/Programs/MiKTeX/fonts/enc/dvips/lm/lm-ec.enc}] [2


])
(private/declarationpage.tex [3


]) (Chapters/Abstract.tex
LaTeX Font Info:    Trying to load font information for T1+lmtt on input line 9
.

(C:\Users\foxto\AppData\Local\Programs\MiKTeX\tex/latex/lm\t1lmtt.fd
File: t1lmtt.fd 2015/05/01 v1.6.1 Font defs for Latin Modern
) [4


{C:/Users/foxto/AppData/Local/Programs/MiKTeX/fonts/enc/dvips/lm/lm-mathit.enc}
{C:/Users/foxto/AppData/Local/Programs/MiKTeX/fonts/enc/dvips/lm/lm-rm.enc}{C:/
Users/foxto/AppData/Local/Programs/MiKTeX/fonts/enc/dvips/lm/lm-mathsy.enc}] [5
])
(Chapters/Abstract_eng.tex [6


] [7]) (Chapters/Acknowledgements.tex [8


])
(Chapters/Dedication.tex [9


]) (private/toc-lot-lof.tex
(C:\Users\foxto\Documents\GitHub\Praca_Magisterska_LaTex_Echo_of_Vanitas\LaTex\
Master_Degree_Project\build\MBZUAI-main.toc [10


] [11] [12] [13])
\tf@toc=\write5
\openout5 = `MBZUAI-main.toc'.

 [14]
(C:\Users\foxto\Documents\GitHub\Praca_Magisterska_LaTex_Echo_of_Vanitas\LaTex\
Master_Degree_Project\build\MBZUAI-main.lof [15


])
\tf@lof=\write6
\openout6 = `MBZUAI-main.lof'.

 [16])
(Chapters/List_of_Abbreviations.tex
ignored: Infinite glue shrinkage found in box being s
plit [17


]) [18]
\openout2 = `Chapters/Chapter_00.aux'.

 (Chapters/Chapter_00.tex
Rozdzia\l  1.
[1


]
LaTeX Font Info:    Trying to load font information for TS1+lmr on input line 2
1.
 (C:\Users\foxto\AppData\Local\Programs\MiKTeX\tex/latex/lm\ts1lmr.fd
File: ts1lmr.fd 2015/05/01 v1.6.1 Font defs for Latin Modern
)
[2{C:/Users/foxto/AppData/Local/Programs/MiKTeX/fonts/enc/dvips/lm/lm-ts1.enc}]
[3] [4]) [5]
\openout2 = `Chapters/Chapter_01.aux'.

 (Chapters/Chapter_01.tex
Rozdzia\l  2.
[6




]
<images/bat-design.png, id=1044, 829.0975pt x 970.62625pt>
File: images/bat-design.png Graphic file (type png)
<use images/bat-design.png>
Package pdftex.def Info: images/bat-design.png  used on input line 41.
(pdftex.def)             Requested size: 341.43307pt x 399.70699pt.
 [7]
<images/labra_knight.png, id=1051, 403.00563pt x 758.33313pt>
File: images/labra_knight.png Graphic file (type png)
<use images/labra_knight.png>
Package pdftex.def Info: images/labra_knight.png  used on input line 54.
(pdftex.def)             Requested size: 341.43307pt x 642.46867pt.
<../../docs/screenshots/enemie_art_skeatch.png, id=1053, 822.07124pt x 670.7559
4pt>
File: ../../docs/screenshots/enemie_art_skeatch.png Graphic file (type png)
<use ../../docs/screenshots/enemie_art_skeatch.png>
Package pdftex.def Info: ../../docs/screenshots/enemie_art_skeatch.png  used on
 input line 65.
(pdftex.def)             Requested size: 386.96027pt x 315.73637pt.
 [8 <./images/bat-design.png>] [9 <./images/labra_knight.png>]
<images/npcs.png, id=1065, 901.86937pt x 1225.07687pt>
File: images/npcs.png Graphic file (type png)
<use images/npcs.png>
Package pdftex.def Info: images/npcs.png  used on input line 76.
(pdftex.def)             Requested size: 341.43307pt x 463.7956pt.
 [10 <../../docs/screenshots/enemie_art_skeatch.png>] [11 <./images/npcs.png>]
<../../docs/screenshots/07_animations/anim_player.png, id=1081, 1451.4225pt x 8
09.0225pt>
File: ../../docs/screenshots/07_animations/anim_player.png Graphic file (type p
ng)
<use ../../docs/screenshots/07_animations/anim_player.png>
Package pdftex.def Info: ../../docs/screenshots/07_animations/anim_player.png  
used on input line 100.
(pdftex.def)             Requested size: 455.24411pt x 253.74477pt.
<../../docs/screenshots/07_animations/anim_enemy.png, id=1082, 1435.3625pt x 80
9.0225pt>
File: ../../docs/screenshots/07_animations/anim_enemy.png Graphic file (type pn
g)
<use ../../docs/screenshots/07_animations/anim_enemy.png>
Package pdftex.def Info: ../../docs/screenshots/07_animations/anim_enemy.png  u
sed on input line 107.
(pdftex.def)             Requested size: 455.24411pt x 256.58403pt.
 [12 <../../docs/screenshots/07_animations/anim_player.png (PNG copy)>]
<../../docs/screenshots/1st_concept_fight.jpg, id=1089, 2168.1pt x 2890.8pt>
File: ../../docs/screenshots/1st_concept_fight.jpg Graphic file (type jpg)
<use ../../docs/screenshots/1st_concept_fight.jpg>
Package pdftex.def Info: ../../docs/screenshots/1st_concept_fight.jpg  used on 
input line 125.
(pdftex.def)             Requested size: 318.66948pt x 424.86752pt.
<../../docs/screenshots/1st_concept_gameplay_hud.jpg, id=1090, 2890.8pt x 2168.
1pt>
File: ../../docs/screenshots/1st_concept_gameplay_hud.jpg Graphic file (type jp
g)
<use ../../docs/screenshots/1st_concept_gameplay_hud.jpg>
Package pdftex.def Info: ../../docs/screenshots/1st_concept_gameplay_hud.jpg  u
sed on input line 132.
(pdftex.def)             Requested size: 318.66948pt x 238.98798pt.
<../../docs/screenshots/1st_concept_menu_hud.jpg, id=1091, 2168.1pt x 2890.8pt>

File: ../../docs/screenshots/1st_concept_menu_hud.jpg Graphic file (type jpg)
<use ../../docs/screenshots/1st_concept_menu_hud.jpg>
Package pdftex.def Info: ../../docs/screenshots/1st_concept_menu_hud.jpg  used 
on input line 139.
(pdftex.def)             Requested size: 318.66948pt x 424.86752pt.

ignored: Infinite glue shrinkage found in box being split [13 <../../docs/screenshots/07
_animations/anim_enemy.png (PNG copy)>]
ignored: Infinite glue shrinkage found in box bei
ng split [14]) [15] [16 <../../docs/screenshots/1st_concept_fight.jpg>] [17 <..
/../docs/screenshots/1st_concept_gameplay_hud.jpg>] [18 <../../docs/screenshots
/1st_concept_menu_hud.jpg>]
\openout2 = `Chapters/Chapter_02.aux'.


(Chapters/Chapter_02.tex
Rozdzia\l  3.
[19




] [20] [21] [22{C:/Users/foxto/AppData/Local/Programs/MiKTeX/fonts/enc/dvips/lm
/lm-mathex.enc}]
LaTeX Font Info:    External font `lmex10' loaded for size
(Font)              <14.4> on input line 88.
LaTeX Font Info:    External font `lmex10' loaded for size
(Font)              <10> on input line 88.
LaTeX Font Info:    External font `lmex10' loaded for size
(Font)              <7> on input line 88.


Package hyperref Warning: Token not allowed in a PDF string (Unicode):
(hyperref)                removing `math shift' on input line 88.


Package hyperref Warning: Token not allowed in a PDF string (Unicode):
(hyperref)                removing `\varepsilon' on input line 88.


Package hyperref Warning: Token not allowed in a PDF string (Unicode):
(hyperref)                removing `math shift' on input line 88.

[23] [24] [25] [26]) [27] [28]
\openout2 = `Chapters/Chapter_03.aux'.

 (Chapters/Chapter_03.tex
Rozdzia\l  4.
[29




] [30] [31] [32] [33] [34]
Overfull \hbox (9.15767pt too wide) in paragraph at lines 201--202
[]\T1/lmr/bx/n/12 Starcie z elit¡ \T1/lmr/m/n/12 - \T1/lmtt/m/n/12 EnemyChaseSt
ate \T1/lmr/m/n/12 woªa \T1/lmtt/m/n/12 EliteBrain.NotifyEliteChaseStarted()\T1
/lmr/m/n/12 ;
 []

) [35]
\openout2 = `Chapters/Chapter_04.aux'.

 (Chapters/Chapter_04.tex
Rozdzia\l  5.
[36




] [37] [38]
LaTeX Font Info:    Font shape `T1/lmtt/bx/n' in size <14.4> not available
(Font)              Font shape `T1/lmtt/b/n' tried instead on input line 96.
 [39] [40]
LaTeX Font Info:    Font shape `T1/lmtt/bx/n' in size <17.28> not available
(Font)              Font shape `T1/lmtt/b/n' tried instead on input line 120.
<../../docs/screenshots/04_ai_debug/ai_hud_fresh.png, id=1281, 312.41719pt x 16
4.11313pt>
File: ../../docs/screenshots/04_ai_debug/ai_hud_fresh.png Graphic file (type pn
g)
<use ../../docs/screenshots/04_ai_debug/ai_hud_fresh.png>
Package pdftex.def Info: ../../docs/screenshots/04_ai_debug/ai_hud_fresh.png  u
sed on input line 134.
(pdftex.def)             Requested size: 218.51521pt x 114.78824pt.
<../../docs/screenshots/04_ai_debug/ai_hud_after_fights.png, id=1282, 326.72063
pt x 134.00063pt>
File: ../../docs/screenshots/04_ai_debug/ai_hud_after_fights.png Graphic file (
type png)
<use ../../docs/screenshots/04_ai_debug/ai_hud_after_fights.png>
Package pdftex.def Info: ../../docs/screenshots/04_ai_debug/ai_hud_after_fights
.png  used on input line 135.
(pdftex.def)             Requested size: 218.51521pt x 89.62045pt.
LaTeX Font Info:    External font `lmex10' loaded for size
(Font)              <10.95> on input line 136.
 [41 <../../docs/screenshots/04_ai_debug/ai_hud_fresh.png> <../../docs/screensh
ots/04_ai_debug/ai_hud_after_fights.png>]

Package hyperref Warning: Token not allowed in a PDF string (Unicode):
(hyperref)                removing `math shift' on input line 170.


Package hyperref Warning: Token not allowed in a PDF string (Unicode):
(hyperref)                removing `\varepsilon' on input line 170.


Package hyperref Warning: Token not allowed in a PDF string (Unicode):
(hyperref)                removing `math shift' on input line 170.

[42]
<../../docs/screenshots/04_ai_debug/rl_epsilon.png, id=1304, 505.89pt x 289.08p
t>
File: ../../docs/screenshots/04_ai_debug/rl_epsilon.png Graphic file (type png)

<use ../../docs/screenshots/04_ai_debug/rl_epsilon.png>
Package pdftex.def Info: ../../docs/screenshots/04_ai_debug/rl_epsilon.png  use
d on input line 185.
(pdftex.def)             Requested size: 373.3035pt x 213.32036pt.
 [43 <../../docs/screenshots/04_ai_debug/rl_epsilon.png>]
<../../docs/screenshots/04_ai_debug/rl_reward.png, id=1312, 505.89pt x 289.08pt
>
File: ../../docs/screenshots/04_ai_debug/rl_reward.png Graphic file (type png)
<use ../../docs/screenshots/04_ai_debug/rl_reward.png>
Package pdftex.def Info: ../../docs/screenshots/04_ai_debug/rl_reward.png  used
 on input line 209.
(pdftex.def)             Requested size: 373.3035pt x 213.32036pt.
<../../docs/screenshots/04_ai_debug/rl_qvalues.png, id=1315, 505.89pt x 289.08p
t>
File: ../../docs/screenshots/04_ai_debug/rl_qvalues.png Graphic file (type png)

<use ../../docs/screenshots/04_ai_debug/rl_qvalues.png>
Package pdftex.def Info: ../../docs/screenshots/04_ai_debug/rl_qvalues.png  use
d on input line 223.
(pdftex.def)             Requested size: 373.3035pt x 213.32036pt.
 [44 <../../docs/screenshots/04_ai_debug/rl_reward.png>] [45 <../../docs/screen
shots/04_ai_debug/rl_qvalues.png>]
<../../docs/screenshots/04_ai_debug/rl_params.png, id=1327, 505.89pt x 289.08pt
>
File: ../../docs/screenshots/04_ai_debug/rl_params.png Graphic file (type png)
<use ../../docs/screenshots/04_ai_debug/rl_params.png>
Package pdftex.def Info: ../../docs/screenshots/04_ai_debug/rl_params.png  used
 on input line 254.
(pdftex.def)             Requested size: 373.3035pt x 213.32036pt.
 [46 <../../docs/screenshots/04_ai_debug/rl_params.png>]
<../../docs/screenshots/04_ai_debug/brain_json_example.png, id=1336, 330.48468p
t x 969.6225pt>
File: ../../docs/screenshots/04_ai_debug/brain_json_example.png Graphic file (t
ype png)
<use ../../docs/screenshots/04_ai_debug/brain_json_example.png>
Package pdftex.def Info: ../../docs/screenshots/04_ai_debug/brain_json_example.
png  used on input line 299.
(pdftex.def)             Requested size: 148.50998pt x 435.71948pt.

[47] [48 <../../docs/screenshots/04_ai_debug/brain_json_example.png>]
Overfull \hbox (6.3646pt too wide) in paragraph at lines 343--343
\T1/lmtt/m/n/10.95 preferred_distance\T1/lmr/m/n/10.95 ,
 []

[49] [50] [51]
<../../docs/screenshots/03_dungeon/dungeon_variant0.png, id=1384, 1454.43375pt 
x 851.43094pt>
File: ../../docs/screenshots/03_dungeon/dungeon_variant0.png Graphic file (type
 png)
<use ../../docs/screenshots/03_dungeon/dungeon_variant0.png>
Package pdftex.def Info: ../../docs/screenshots/03_dungeon/dungeon_variant0.png
  used on input line 422.
(pdftex.def)             Requested size: 204.85846pt x 119.91406pt.
<../../docs/screenshots/03_dungeon/dungeon_variant2.png, id=1385, 1454.43375pt 
x 852.18375pt>
File: ../../docs/screenshots/03_dungeon/dungeon_variant2.png Graphic file (type
 png)
<use ../../docs/screenshots/03_dungeon/dungeon_variant2.png>
Package pdftex.def Info: ../../docs/screenshots/03_dungeon/dungeon_variant2.png
  used on input line 423.
(pdftex.def)             Requested size: 204.85846pt x 120.02008pt.
 [52 <../../docs/screenshots/03_dungeon/dungeon_variant0.png> <../../docs/scree
nshots/03_dungeon/dungeon_variant2.png>] [53]
<../../docs/screenshots/05_puzzles/puzzle_lockpick.png, id=1400, 1272.25313pt x
 584.1825pt>
File: ../../docs/screenshots/05_puzzles/puzzle_lockpick.png Graphic file (type 
png)
<use ../../docs/screenshots/05_puzzles/puzzle_lockpick.png>
Package pdftex.def Info: ../../docs/screenshots/05_puzzles/puzzle_lockpick.png 
 used on input line 485.
(pdftex.def)             Requested size: 145.68144pt x 66.88986pt.
<../../docs/screenshots/05_puzzles/puzzle_pipe.png, id=1401, 953.06062pt x 566.
86781pt>
File: ../../docs/screenshots/05_puzzles/puzzle_pipe.png Graphic file (type png)

<use ../../docs/screenshots/05_puzzles/puzzle_pipe.png>
Package pdftex.def Info: ../../docs/screenshots/05_puzzles/puzzle_pipe.png  use
d on input line 486.
(pdftex.def)             Requested size: 145.68144pt x 86.64398pt.
<../../docs/screenshots/05_puzzles/puzzle_lightsequence.png, id=1402, 1061.4656
2pt x 584.1825pt>
File: ../../docs/screenshots/05_puzzles/puzzle_lightsequence.png Graphic file (
type png)
<use ../../docs/screenshots/05_puzzles/puzzle_lightsequence.png>
Package pdftex.def Info: ../../docs/screenshots/05_puzzles/puzzle_lightsequence
.png  used on input line 487.
(pdftex.def)             Requested size: 145.68144pt x 80.17157pt.
 [54 <../../docs/screenshots/05_puzzles/puzzle_lockpick.png> <../../docs/screen
shots/05_puzzles/puzzle_pipe.png> <../../docs/screenshots/05_puzzles/puzzle_lig
htsequence.png>]
[55]
LaTeX Font Info:    Trying to load font information for TS1+lmtt on input line 
553.
 (C:\Users\foxto\AppData\Local\Programs\MiKTeX\tex/latex/lm\ts1lmtt.fd
File: ts1lmtt.fd 2015/05/01 v1.6.1 Font defs for Latin Modern
)
[56] [57] [58]
LaTeX Font Info:    Font shape `T1/lmtt/bx/n' in size <12> not available
(Font)              Font shape `T1/lmtt/b/n' tried instead on input line 613.
 [59] [60]) [61]
\openout2 = `Chapters/Chapter_05.aux'.

 (Chapters/Chapter_05.tex
Rozdzia\l  6.
[62




] [63] [64]) [65]
(C:\Users\foxto\Documents\GitHub\Praca_Magisterska_LaTex_Echo_of_Vanitas\LaTex\
Master_Degree_Project\build\MBZUAI-main.bbl [66




]) [67]
\openout2 = `Chapters/Appendix_A.aux'.

 (Chapters/Appendix_A.tex [68




]
Dodatek A.
[69

] [70] [71] [72]
<../../docs/screenshots/01_gameplay/start_screen.png, id=1506, 1448.41125pt x 8
50.67813pt>
File: ../../docs/screenshots/01_gameplay/start_screen.png Graphic file (type pn
g)
<use ../../docs/screenshots/01_gameplay/start_screen.png>
Package pdftex.def Info: ../../docs/screenshots/01_gameplay/start_screen.png  u
sed on input line 147.
(pdftex.def)             Requested size: 409.71692pt x 240.62854pt.
<../../docs/screenshots/01_gameplay/player_hub.png, id=1507, 1444.64719pt x 845
.40843pt>
File: ../../docs/screenshots/01_gameplay/player_hub.png Graphic file (type png)

<use ../../docs/screenshots/01_gameplay/player_hub.png>
Package pdftex.def Info: ../../docs/screenshots/01_gameplay/player_hub.png  use
d on input line 154.
(pdftex.def)             Requested size: 409.71692pt x 239.75711pt.
<../../docs/screenshots/01_gameplay/player_combat.png, id=1508, 1449.91687pt x 
847.66687pt>
File: ../../docs/screenshots/01_gameplay/player_combat.png Graphic file (type p
ng)
<use ../../docs/screenshots/01_gameplay/player_combat.png>
Package pdftex.def Info: ../../docs/screenshots/01_gameplay/player_combat.png  
used on input line 161.
(pdftex.def)             Requested size: 409.71692pt x 239.531pt.
<../../docs/screenshots/01_gameplay/hud_overlay.png, id=1509, 1144.275pt x 197.
98969pt>
File: ../../docs/screenshots/01_gameplay/hud_overlay.png Graphic file (type png
)
<use ../../docs/screenshots/01_gameplay/hud_overlay.png>
Package pdftex.def Info: ../../docs/screenshots/01_gameplay/hud_overlay.png  us
ed on input line 168.
(pdftex.def)             Requested size: 409.71692pt x 70.89255pt.
 [73]
<../../docs/screenshots/02_ui/menu_eq_empty.png, id=1515, 1333.23094pt x 756.57
657pt>
File: ../../docs/screenshots/02_ui/menu_eq_empty.png Graphic file (type png)
<use ../../docs/screenshots/02_ui/menu_eq_empty.png>
Package pdftex.def Info: ../../docs/screenshots/02_ui/menu_eq_empty.png  used o
n input line 179.
(pdftex.def)             Requested size: 218.51521pt x 123.99855pt.
<../../docs/screenshots/02_ui/menu_eq_full.png, id=1516, 1299.35437pt x 738.509
06pt>
File: ../../docs/screenshots/02_ui/menu_eq_full.png Graphic file (type png)
<use ../../docs/screenshots/02_ui/menu_eq_full.png>
Package pdftex.def Info: ../../docs/screenshots/02_ui/menu_eq_full.png  used on
 input line 180.
(pdftex.def)             Requested size: 218.51521pt x 124.19263pt.
<../../docs/screenshots/02_ui/menu_quests.png, id=1517, 1332.47812pt x 743.0259
4pt>
File: ../../docs/screenshots/02_ui/menu_quests.png Graphic file (type png)
<use ../../docs/screenshots/02_ui/menu_quests.png>
Package pdftex.def Info: ../../docs/screenshots/02_ui/menu_quests.png  used on 
input line 187.
(pdftex.def)             Requested size: 218.51521pt x 121.8457pt.
<../../docs/screenshots/02_ui/menu_stats.png, id=1518, 1315.16344pt x 747.54282
pt>
File: ../../docs/screenshots/02_ui/menu_stats.png Graphic file (type png)
<use ../../docs/screenshots/02_ui/menu_stats.png>
Package pdftex.def Info: ../../docs/screenshots/02_ui/menu_stats.png  used on i
nput line 188.
(pdftex.def)             Requested size: 218.51521pt x 124.19473pt.
<../../docs/screenshots/02_ui/menu_pages.png, id=1519, 1300.1072pt x 729.47531p
t>
File: ../../docs/screenshots/02_ui/menu_pages.png Graphic file (type png)
<use ../../docs/screenshots/02_ui/menu_pages.png>
Package pdftex.def Info: ../../docs/screenshots/02_ui/menu_pages.png  used on i
nput line 195.
(pdftex.def)             Requested size: 218.51521pt x 122.60666pt.
<../../docs/screenshots/02_ui/menu_pages_unlocked_p1.png, id=1520, 1304.62407pt
 x 731.73375pt>
File: ../../docs/screenshots/02_ui/menu_pages_unlocked_p1.png Graphic file (typ
e png)
<use ../../docs/screenshots/02_ui/menu_pages_unlocked_p1.png>
Package pdftex.def Info: ../../docs/screenshots/02_ui/menu_pages_unlocked_p1.pn
g  used on input line 196.
(pdftex.def)             Requested size: 218.51521pt x 122.55081pt.
<../../docs/screenshots/02_ui/menu_settings.png, id=1521, 1313.6578pt x 733.239
38pt>
File: ../../docs/screenshots/02_ui/menu_settings.png Graphic file (type png)
<use ../../docs/screenshots/02_ui/menu_settings.png>
Package pdftex.def Info: ../../docs/screenshots/02_ui/menu_settings.png  used o
n input line 203.
(pdftex.def)             Requested size: 318.66948pt x 177.87187pt.
<../../docs/screenshots/02_ui/toast_saved.png, id=1522, 476.53032pt x 140.02313
pt>
File: ../../docs/screenshots/02_ui/toast_saved.png Graphic file (type png)
<use ../../docs/screenshots/02_ui/toast_saved.png>
Package pdftex.def Info: ../../docs/screenshots/02_ui/toast_saved.png  used on 
input line 210.
(pdftex.def)             Requested size: 364.19667pt x 107.0212pt.
 [74 <../../docs/screenshots/01_gameplay/start_screen.png> <../../docs/screensh
ots/01_gameplay/player_hub.png>] [75 <../../docs/screenshots/01_gameplay/player
_combat.png> <../../docs/screenshots/01_gameplay/hud_overlay.png> <../../docs/s
creenshots/02_ui/menu_eq_empty.png> <../../docs/screenshots/02_ui/menu_eq_full.
png> <../../docs/screenshots/02_ui/menu_quests.png> <../../docs/screenshots/02_
ui/menu_stats.png>]
<../../docs/screenshots/03_dungeon/dungeon_entrance.png, id=1539, 1449.91687pt 
x 852.18375pt>
File: ../../docs/screenshots/03_dungeon/dungeon_entrance.png Graphic file (type
 png)
<use ../../docs/screenshots/03_dungeon/dungeon_entrance.png>
Package pdftex.def Info: ../../docs/screenshots/03_dungeon/dungeon_entrance.png
  used on input line 221.
(pdftex.def)             Requested size: 409.71692pt x 240.80737pt.
File: ../../docs/screenshots/03_dungeon/dungeon_variant0.png Graphic file (type
 png)
<use ../../docs/screenshots/03_dungeon/dungeon_variant0.png>
Package pdftex.def Info: ../../docs/screenshots/03_dungeon/dungeon_variant0.png
  used on input line 228.
(pdftex.def)             Requested size: 145.68144pt x 85.278pt.
<../../docs/screenshots/03_dungeon/dungeon_variant1.png, id=1540, 1450.6697pt x
 851.43094pt>
File: ../../docs/screenshots/03_dungeon/dungeon_variant1.png Graphic file (type
 png)
<use ../../docs/screenshots/03_dungeon/dungeon_variant1.png>
Package pdftex.def Info: ../../docs/screenshots/03_dungeon/dungeon_variant1.png
  used on input line 229.
(pdftex.def)             Requested size: 145.68144pt x 85.49886pt.
File: ../../docs/screenshots/03_dungeon/dungeon_variant2.png Graphic file (type
 png)
<use ../../docs/screenshots/03_dungeon/dungeon_variant2.png>
Package pdftex.def Info: ../../docs/screenshots/03_dungeon/dungeon_variant2.png
  used on input line 230.
(pdftex.def)             Requested size: 145.68144pt x 85.3534pt.
<../../docs/screenshots/03_dungeon/modifier_rich_coins.png, id=1541, 524.71031p
t x 53.44969pt>
File: ../../docs/screenshots/03_dungeon/modifier_rich_coins.png Graphic file (t
ype png)
<use ../../docs/screenshots/03_dungeon/modifier_rich_coins.png>
Package pdftex.def Info: ../../docs/screenshots/03_dungeon/modifier_rich_coins.
png  used on input line 237.
(pdftex.def)             Requested size: 218.51521pt x 22.25867pt.
<../../docs/screenshots/03_dungeon/modifier_heavy_elites.png, id=1542, 740.7675
pt x 63.23625pt>
File: ../../docs/screenshots/03_dungeon/modifier_heavy_elites.png Graphic file 
(type png)
<use ../../docs/screenshots/03_dungeon/modifier_heavy_elites.png>
Package pdftex.def Info: ../../docs/screenshots/03_dungeon/modifier_heavy_elite
s.png  used on input line 238.
(pdftex.def)             Requested size: 218.51521pt x 18.65355pt.
<../../docs/screenshots/03_dungeon/modifier_gloom.png, id=1543, 532.23843pt x 6
4.74188pt>
File: ../../docs/screenshots/03_dungeon/modifier_gloom.png Graphic file (type p
ng)
<use ../../docs/screenshots/03_dungeon/modifier_gloom.png>
Package pdftex.def Info: ../../docs/screenshots/03_dungeon/modifier_gloom.png  
used on input line 245.
(pdftex.def)             Requested size: 318.66948pt x 38.7644pt.
<../../docs/screenshots/03_dungeon/boss_room.png, id=1544, 1458.19781pt x 855.9
4781pt>
File: ../../docs/screenshots/03_dungeon/boss_room.png Graphic file (type png)
<use ../../docs/screenshots/03_dungeon/boss_room.png>
Package pdftex.def Info: ../../docs/screenshots/03_dungeon/boss_room.png  used 
on input line 252.
(pdftex.def)             Requested size: 218.51521pt x 128.25603pt.
<../../docs/screenshots/03_dungeon/treasure_chest.png, id=1545, 746.03719pt x 5
32.99126pt>
File: ../../docs/screenshots/03_dungeon/treasure_chest.png Graphic file (type p
ng)
<use ../../docs/screenshots/03_dungeon/treasure_chest.png>
Package pdftex.def Info: ../../docs/screenshots/03_dungeon/treasure_chest.png  
used on input line 253.
(pdftex.def)             Requested size: 218.51521pt x 156.10873pt.
 [76 <../../docs/screenshots/02_ui/menu_pages.png> <../../docs/screenshots/02_u
i/menu_pages_unlocked_p1.png> <../../docs/screenshots/02_ui/menu_settings.png> 
<../../docs/screenshots/02_ui/toast_saved.png>]
<../../docs/screenshots/03_dungeon/boss_fight.png, id=1555, 1410.77063pt x 788.
9475pt>
File: ../../docs/screenshots/03_dungeon/boss_fight.png Graphic file (type png)
<use ../../docs/screenshots/03_dungeon/boss_fight.png>
Package pdftex.def Info: ../../docs/screenshots/03_dungeon/boss_fight.png  used
 on input line 262.
(pdftex.def)             Requested size: 364.19667pt x 203.66486pt.
<../../docs/screenshots/03_dungeon/invisible_revealed.png, id=1556, 775.39688pt
 x 660.21657pt>
File: ../../docs/screenshots/03_dungeon/invisible_revealed.png Graphic file (ty
pe png)
<use ../../docs/screenshots/03_dungeon/invisible_revealed.png>
Package pdftex.def Info: ../../docs/screenshots/03_dungeon/invisible_revealed.p
ng  used on input line 264.
(pdftex.def)             Requested size: 364.19667pt x 310.10034pt.
<../../docs/screenshots/03_dungeon/radar_hemisphere.png, id=1557, 1234.6125pt x
 842.39719pt>
File: ../../docs/screenshots/03_dungeon/radar_hemisphere.png Graphic file (type
 png)
<use ../../docs/screenshots/03_dungeon/radar_hemisphere.png>
Package pdftex.def Info: ../../docs/screenshots/03_dungeon/radar_hemisphere.png
  used on input line 266.
(pdftex.def)             Requested size: 364.19667pt x 248.49216pt.
<../../docs/screenshots/03_dungeon/minimap_demo.png, id=1558, 246.1697pt x 222.
07968pt>
File: ../../docs/screenshots/03_dungeon/minimap_demo.png Graphic file (type png
)
<use ../../docs/screenshots/03_dungeon/minimap_demo.png>
Package pdftex.def Info: ../../docs/screenshots/03_dungeon/minimap_demo.png  us
ed on input line 268.
(pdftex.def)             Requested size: 364.19667pt x 328.5711pt.
 [77 <../../docs/screenshots/03_dungeon/dungeon_entrance.png> <../../docs/scree
nshots/03_dungeon/dungeon_variant1.png> <../../docs/screenshots/03_dungeon/modi
fier_rich_coins.png> <../../docs/screenshots/03_dungeon/modifier_heavy_elites.p
ng> <../../docs/screenshots/03_dungeon/modifier_gloom.png>]
File: ../../docs/screenshots/04_ai_debug/ai_hud_fresh.png Graphic file (type pn
g)
<use ../../docs/screenshots/04_ai_debug/ai_hud_fresh.png>
Package pdftex.def Info: ../../docs/screenshots/04_ai_debug/ai_hud_fresh.png  u
sed on input line 276.
(pdftex.def)             Requested size: 218.51521pt x 114.78824pt.
File: ../../docs/screenshots/04_ai_debug/ai_hud_after_fights.png Graphic file (
type png)
<use ../../docs/screenshots/04_ai_debug/ai_hud_after_fights.png>
Package pdftex.def Info: ../../docs/screenshots/04_ai_debug/ai_hud_after_fights
.png  used on input line 277.
(pdftex.def)             Requested size: 218.51521pt x 89.62045pt.
<../../docs/screenshots/04_ai_debug/ai_flank_tactic.png, id=1569, 1459.70343pt 
x 858.95906pt>
File: ../../docs/screenshots/04_ai_debug/ai_flank_tactic.png Graphic file (type
 png)
<use ../../docs/screenshots/04_ai_debug/ai_flank_tactic.png>
Package pdftex.def Info: ../../docs/screenshots/04_ai_debug/ai_flank_tactic.png
  used on input line 284.
(pdftex.def)             Requested size: 145.68144pt x 85.71744pt.
<../../docs/screenshots/04_ai_debug/ai_rush_tactic.png, id=1570, 1464.97313pt x
 850.67813pt>
File: ../../docs/screenshots/04_ai_debug/ai_rush_tactic.png Graphic file (type 
png)
<use ../../docs/screenshots/04_ai_debug/ai_rush_tactic.png>
Package pdftex.def Info: ../../docs/screenshots/04_ai_debug/ai_rush_tactic.png 
 used on input line 285.
(pdftex.def)             Requested size: 145.68144pt x 84.59251pt.
<../../docs/screenshots/04_ai_debug/ai_kite_tactic.png, id=1571, 1454.43375pt x
 852.18375pt>
File: ../../docs/screenshots/04_ai_debug/ai_kite_tactic.png Graphic file (type 
png)
<use ../../docs/screenshots/04_ai_debug/ai_kite_tactic.png>
Package pdftex.def Info: ../../docs/screenshots/04_ai_debug/ai_kite_tactic.png 
 used on input line 286.
(pdftex.def)             Requested size: 145.68144pt x 85.3534pt.
<../../docs/screenshots/04_ai_debug/ai_context_lowhp.png, id=1572, 328.97906pt 
x 141.52875pt>
File: ../../docs/screenshots/04_ai_debug/ai_context_lowhp.png Graphic file (typ
e png)
<use ../../docs/screenshots/04_ai_debug/ai_context_lowhp.png>
Package pdftex.def Info: ../../docs/screenshots/04_ai_debug/ai_context_lowhp.pn
g  used on input line 293.
(pdftex.def)             Requested size: 218.51521pt x 94.00745pt.
<../../docs/screenshots/04_ai_debug/ai_context_manyelites.png, id=1573, 316.181
24pt x 140.77594pt>
File: ../../docs/screenshots/04_ai_debug/ai_context_manyelites.png Graphic file
 (type png)
<use ../../docs/screenshots/04_ai_debug/ai_context_manyelites.png>
Package pdftex.def Info: ../../docs/screenshots/04_ai_debug/ai_context_manyelit
es.png  used on input line 294.
(pdftex.def)             Requested size: 218.51521pt x 97.2923pt.
File: ../../docs/screenshots/04_ai_debug/brain_json_example.png Graphic file (t
ype png)
<use ../../docs/screenshots/04_ai_debug/brain_json_example.png>
Package pdftex.def Info: ../../docs/screenshots/04_ai_debug/brain_json_example.
png  used on input line 301.
(pdftex.def)             Requested size: 131.74776pt x 386.54015pt.
File: ../../docs/screenshots/05_puzzles/puzzle_lockpick.png Graphic file (type 
png)
<use ../../docs/screenshots/05_puzzles/puzzle_lockpick.png>
Package pdftex.def Info: ../../docs/screenshots/05_puzzles/puzzle_lockpick.png 
 used on input line 312.
(pdftex.def)             Requested size: 145.68144pt x 66.88986pt.
File: ../../docs/screenshots/05_puzzles/puzzle_pipe.png Graphic file (type png)

<use ../../docs/screenshots/05_puzzles/puzzle_pipe.png>
Package pdftex.def Info: ../../docs/screenshots/05_puzzles/puzzle_pipe.png  use
d on input line 313.
(pdftex.def)             Requested size: 145.68144pt x 86.64398pt.
File: ../../docs/screenshots/05_puzzles/puzzle_lightsequence.png Graphic file (
type png)
<use ../../docs/screenshots/05_puzzles/puzzle_lightsequence.png>
Package pdftex.def Info: ../../docs/screenshots/05_puzzles/puzzle_lightsequence
.png  used on input line 314.
(pdftex.def)             Requested size: 145.68144pt x 80.17157pt.
<../../docs/screenshots/05_puzzles/puzzle_blockfit.png, id=1574, 1239.88219pt x
 555.57562pt>
File: ../../docs/screenshots/05_puzzles/puzzle_blockfit.png Graphic file (type 
png)
<use ../../docs/screenshots/05_puzzles/puzzle_blockfit.png>
Package pdftex.def Info: ../../docs/screenshots/05_puzzles/puzzle_blockfit.png 
 used on input line 321.
(pdftex.def)             Requested size: 218.51521pt x 97.91385pt.
<../../docs/screenshots/05_puzzles/puzzle_blockmaze.png, id=1575, 1181.91562pt 
x 574.39594pt>
File: ../../docs/screenshots/05_puzzles/puzzle_blockmaze.png Graphic file (type
 png)
<use ../../docs/screenshots/05_puzzles/puzzle_blockmaze.png>
Package pdftex.def Info: ../../docs/screenshots/05_puzzles/puzzle_blockmaze.png
  used on input line 322.
(pdftex.def)             Requested size: 218.51521pt x 106.19145pt.
 [78 <../../docs/screenshots/03_dungeon/boss_room.png> <../../docs/screenshots/
03_dungeon/treasure_chest.png> <../../docs/screenshots/03_dungeon/boss_fight.pn
g>]
[79 <../../docs/screenshots/03_dungeon/invisible_revealed.png> <../../docs/scre
enshots/03_dungeon/radar_hemisphere.png>] [80 <../../docs/screenshots/03_dungeo
n/minimap_demo.png> <../../docs/screenshots/04_ai_debug/ai_flank_tactic.png> <.
./../docs/screenshots/04_ai_debug/ai_rush_tactic.png> <../../docs/screenshots/0
4_ai_debug/ai_kite_tactic.png>] [81 <../../docs/screenshots/04_ai_debug/ai_cont
ext_lowhp.png> <../../docs/screenshots/04_ai_debug/ai_context_manyelites.png>])
[82 <../../docs/screenshots/05_puzzles/puzzle_blockfit.png> <../../docs/screens
hots/05_puzzles/puzzle_blockmaze.png>]
\openout2 = `Chapters/Appendix_B.aux'.

 (Chapters/Appendix_B.tex
Dodatek B.
LaTeX Font Info:    Font shape `T1/lmtt/bx/n' in size <8> not available
(Font)              Font shape `T1/lmtt/b/n' tried instead on input line 15.
[83




] [84]

Package hyperref Warning: Token not allowed in a PDF string (Unicode):
(hyperref)                removing `math shift' on input line 143.


Package hyperref Warning: Token not allowed in a PDF string (Unicode):
(hyperref)                removing `\varepsilon' on input line 143.


Package hyperref Warning: Token not allowed in a PDF string (Unicode):
(hyperref)                removing `math shift' on input line 143.

[85] [86] [87] [88] [89] [90] [91] [92]) [93] (Chapters/AI_Statement.tex
[94



] [95])
(C:\Users\foxto\Documents\GitHub\Praca_Magisterska_LaTex_Echo_of_Vanitas\LaTex\
Master_Degree_Project\build\MBZUAI-main.aux
(C:\Users\foxto\Documents\GitHub\Praca_Magisterska_LaTex_Echo_of_Vanitas\LaTex\
Master_Degree_Project\build\Chapters/Chapter_00.aux)
(C:\Users\foxto\Documents\GitHub\Praca_Magisterska_LaTex_Echo_of_Vanitas\LaTex\
Master_Degree_Project\build\Chapters/Chapter_01.aux)
(C:\Users\foxto\Documents\GitHub\Praca_Magisterska_LaTex_Echo_of_Vanitas\LaTex\
Master_Degree_Project\build\Chapters/Chapter_02.aux)
(C:\Users\foxto\Documents\GitHub\Praca_Magisterska_LaTex_Echo_of_Vanitas\LaTex\
Master_Degree_Project\build\Chapters/Chapter_03.aux)
(C:\Users\foxto\Documents\GitHub\Praca_Magisterska_LaTex_Echo_of_Vanitas\LaTex\
Master_Degree_Project\build\Chapters/Chapter_04.aux)
(C:\Users\foxto\Documents\GitHub\Praca_Magisterska_LaTex_Echo_of_Vanitas\LaTex\
Master_Degree_Project\build\Chapters/Chapter_05.aux)
(C:\Users\foxto\Documents\GitHub\Praca_Magisterska_LaTex_Echo_of_Vanitas\LaTex\
Master_Degree_Project\build\Chapters/Appendix_A.aux)
(C:\Users\foxto\Documents\GitHub\Praca_Magisterska_LaTex_Echo_of_Vanitas\LaTex\
Master_Degree_Project\build\Chapters/Appendix_B.aux))
 ***********
LaTeX2e <2025-11-01>
L3 programming layer <2026-03-20>
 ***********
Package rerunfilecheck Info: File `MBZUAI-main.out' has not changed.
(rerunfilecheck)             Checksum: 10CB43346599F2F19E4C7E3CEFD56EEF;28598.
 )
(\end occurred when \ifx on line 164 was incomplete) 
Here is how much of TeX's memory you used:
 19603 strings out of 467691
 342127 string characters out of 5414987
 928158 words of memory out of 5000000
 47440 multiletter control sequences out of 15000+600000
 743443 words of font info for 116 fonts, out of 8000000 for 9000
 1141 hyphenation exceptions out of 8191
 129i,13n,124p,1189b,2175s stack positions out of 10000i,1000n,20000p,200000b,200000s
<C:/Users/foxto/AppData/Loc
al/Programs/MiKTeX/fonts/type1/public/lm/lmbx10.pfb><C:/Users/foxto/AppData/Loc
al/Programs/MiKTeX/fonts/type1/public/lm/lmbx12.pfb><C:/Users/foxto/AppData/Loc
al/Programs/MiKTeX/fonts/type1/public/lm/lmbxi10.pfb><C:/Users/foxto/AppData/Lo
cal/Programs/MiKTeX/fonts/type1/public/lm/lmcsc10.pfb><C:/Users/foxto/AppData/L
ocal/Programs/MiKTeX/fonts/type1/public/lm/lmex10.pfb><C:/Users/foxto/AppData/L
ocal/Programs/MiKTeX/fonts/type1/public/lm/lmmi10.pfb><C:/Users/foxto/AppData/L
ocal/Programs/MiKTeX/fonts/type1/public/lm/lmmi12.pfb><C:/Users/foxto/AppData/L
ocal/Programs/MiKTeX/fonts/type1/public/lm/lmmi8.pfb><C:/Users/foxto/AppData/Lo
cal/Programs/MiKTeX/fonts/type1/public/lm/lmr10.pfb><C:/Users/foxto/AppData/Loc
al/Programs/MiKTeX/fonts/type1/public/lm/lmr12.pfb><C:/Users/foxto/AppData/Loca
l/Programs/MiKTeX/fonts/type1/public/lm/lmr8.pfb><C:/Users/foxto/AppData/Local/
Programs/MiKTeX/fonts/type1/public/lm/lmri10.pfb><C:/Users/foxto/AppData/Local/
Programs/MiKTeX/fonts/type1/public/lm/lmri12.pfb><C:/Users/foxto/AppData/Local/
Programs/MiKTeX/fonts/type1/public/lm/lmsy10.pfb><C:/Users/foxto/AppData/Local/
Programs/MiKTeX/fonts/type1/public/lm/lmsy6.pfb><C:/Users/foxto/AppData/Local/P
rograms/MiKTeX/fonts/type1/public/lm/lmsy8.pfb><C:/Users/foxto/AppData/Local/Pr
ograms/MiKTeX/fonts/type1/public/lm/lmtk10.pfb><C:/Users/foxto/AppData/Local/Pr
ograms/MiKTeX/fonts/type1/public/lm/lmtt10.pfb><C:/Users/foxto/AppData/Local/Pr
ograms/MiKTeX/fonts/type1/public/lm/lmtt12.pfb><C:/Users/foxto/AppData/Local/Pr
ograms/MiKTeX/fonts/type1/public/lm/lmtt8.pfb><C:/Users/foxto/AppData/Local/Pro
grams/MiKTeX/fonts/type1/public/lm/lmtti10.pfb><C:/Users/foxto/AppData/Local/Pr
ograms/MiKTeX/fonts/type1/public/amsfonts/symbols/msbm10.pfb>
Output written on C:\Users\foxto\Documents\GitHub\Praca_Magisterska_LaTex_Echo_
of_Vanitas\LaTex\Master_Degree_Project\build\MBZUAI-main.pdf (113 pages, 381701
14 bytes).
PDF statistics:
 2386 PDF objects out of 2487 (max. 8388607)
 835 named destinations out of 1000 (max. 500000)
 1552 words of extra memory for PDF output out of 10000 (max. 10000000)

