\BOOKMARK [0][-]{section*.7}{\376\377\000S\000p\000i\000s\000\040\000r\000y\000s\000u\000n\000k\000\363\000w}{}% 1
\BOOKMARK [0][-]{section*.9}{\376\377\000W\000y\000k\000a\000z\000\040\000s\000k\000r\000\363\000t\000\363\000w}{}% 2
\BOOKMARK [0][-]{chapter.1}{\376\377\000W\000s\000t\001\031\000p}{}% 3
\BOOKMARK [1][-]{section.1.1}{\376\377\000O\000p\000i\000s\000\040\000t\000e\000m\000a\000t\000y\000k\000i}{chapter.1}% 4
\BOOKMARK [1][-]{section.1.2}{\376\377\000M\000o\000t\000y\000w\000a\000c\000j\000a\000\040\000i\000\040\000c\000e\000l\000\040\000p\000r\000a\000c\000y}{chapter.1}% 5
\BOOKMARK [1][-]{section.1.3}{\376\377\000Z\000a\000k\000r\000e\000s\000\040\000z\000r\000e\000a\000l\000i\000z\000o\000w\000a\000n\000e\000g\000o\000\040\000s\000y\000s\000t\000e\000m\000u}{chapter.1}% 6
\BOOKMARK [1][-]{section.1.4}{\376\377\000T\000e\000c\000h\000n\000o\000l\000o\000g\000i\000a}{chapter.1}% 7
\BOOKMARK [1][-]{section.1.5}{\376\377\000P\000r\000z\000e\000g\000l\001\005\000d\000\040\000p\000o\000d\000o\000b\000n\000y\000c\000h\000\040\000p\000r\000o\000d\000u\000k\000c\000j\000i}{chapter.1}% 8
\BOOKMARK [1][-]{section.1.6}{\376\377\000S\000t\000r\000u\000k\000t\000u\000r\000a\000\040\000p\000r\000a\000c\000y}{chapter.1}% 9
\BOOKMARK [0][-]{chapter.2}{\376\377\000P\000r\000o\000c\000e\000s\000\040\000T\000w\000\363\000r\000c\000z\000y}{}% 10
\BOOKMARK [1][-]{section.2.1}{\376\377\000Z\000a\000r\000y\000s\000\040\000F\000a\000b\000u\001\102\000y}{chapter.2}% 11
\BOOKMARK [1][-]{section.2.2}{\376\377\000P\000r\000o\000j\000e\000k\000t\000\040\001\132\000w\000i\000a\000t\000a\000\040\000G\000r\000y}{chapter.2}% 12
\BOOKMARK [1][-]{section.2.3}{\376\377\000K\000o\000n\000c\000e\000p\000c\000j\000e\000\040\000P\000o\000s\000t\000a\000c\000i}{chapter.2}% 13
\BOOKMARK [2][-]{subsection.2.3.1}{\376\377\000G\001\102\000\363\000w\000n\000y\000\040\000B\000o\000h\000a\000t\000e\000r\000\040\000-\000\040\000N\000i\000e\000t\000o\000p\000e\000r\000z\000\040\000Z\001\102\000o\000d\000z\000i\000e\000j}{section.2.3}% 14
\BOOKMARK [2][-]{subsection.2.3.2}{\376\377\000N\000P\000C\000\040\000-\000\040\000L\000a\000b\000r\000a\000d\000o\000r\000\040\000R\000y\000c\000e\000r\000z}{section.2.3}% 15
\BOOKMARK [2][-]{subsection.2.3.3}{\376\377\000P\000r\000z\000e\000c\000i\000w\000n\000i\000k\000\040\000-\000\040\000I\000n\000s\000e\000k\000t}{section.2.3}% 16
\BOOKMARK [2][-]{subsection.2.3.4}{\376\377\000W\000s\000t\001\031\000p\000n\000y\000\040\000Z\000a\000r\000y\000s\000\040\000S\000t\000y\000l\000u\000\040\000P\000o\000s\000t\000a\000c\000i}{section.2.3}% 17
\BOOKMARK [1][-]{section.2.4}{\376\377\000D\000e\000c\000y\000z\000j\000e\000\040\000A\000r\000t\000y\000s\000t\000y\000c\000z\000n\000e}{chapter.2}% 18
\BOOKMARK [2][-]{subsection.2.4.1}{\376\377\000S\000t\000y\000l\000\040\000G\000r\000a\000f\000i\000c\000z\000n\000y}{section.2.4}% 19
\BOOKMARK [2][-]{subsection.2.4.2}{\376\377\000A\000n\000i\000m\000a\000c\000j\000a\000\040\000K\000l\000a\000t\000k\000a\000\040\000p\000o\000\040\000K\000l\000a\000t\000c\000e}{section.2.4}% 20
\BOOKMARK [2][-]{subsection.2.4.3}{\376\377\000I\000n\000t\000e\000r\000f\000e\000j\000s\000\040\000U\001\174\000y\000t\000k\000o\000w\000n\000i\000k\000a}{section.2.4}% 21
\BOOKMARK [1][-]{section.2.5}{\376\377\000P\000l\000a\000n\000o\000w\000a\000n\000i\000e\000\040\000a\000\040\000R\000e\000a\000l\000i\000z\000a\000c\000j\000a}{chapter.2}% 22
\BOOKMARK [2][-]{subsection.2.5.1}{\376\377\000W\000c\000z\000e\000s\000n\000e\000\040\000K\000o\000n\000c\000e\000p\000c\000j\000e\000\040\000z\000\040\000F\000a\000z\000y\000\040\000P\000l\000a\000n\000o\000w\000a\000n\000i\000a}{section.2.5}% 23
\BOOKMARK [2][-]{subsection.2.5.2}{\376\377\000Z\000e\000s\000t\000a\000w\000i\000e\000n\000i\000e\000\040\000Z\000a\001\102\000o\001\174\000e\001\104\000\040\000z\000e\000\040\000S\000t\000a\000n\000e\000m\000\040\000R\000e\000a\000l\000i\000z\000a\000c\000j\000i}{section.2.5}% 24
\BOOKMARK [0][-]{chapter.3}{\376\377\000P\000r\000z\000e\000g\000l\001\005\000d\000\040\000L\000i\000t\000e\000r\000a\000t\000u\000r\000y\000\040\000i\000\040\000T\000e\000c\000h\000n\000o\000l\000o\000g\000i\000i}{}% 25
\BOOKMARK [1][-]{section.3.1}{\376\377\000P\000r\000o\000j\000e\000k\000t\000o\000w\000a\000n\000i\000e\000\040\000G\000i\000e\000r\000\040\000-\000\040\000G\000a\000m\000e\000\040\000D\000e\000s\000i\000g\000n}{chapter.3}% 26
\BOOKMARK [1][-]{section.3.2}{\376\377\000S\000i\000l\000n\000i\000k\000i\000\040\000G\000i\000e\000r\000\040\000-\000\040\000P\000r\000z\000e\000g\000l\001\005\000d}{chapter.3}% 27
\BOOKMARK [2][-]{subsection.3.2.1}{\376\377\000U\000n\000i\000t\000y}{section.3.2}% 28
\BOOKMARK [2][-]{subsection.3.2.2}{\376\377\000U\000n\000r\000e\000a\000l\000\040\000E\000n\000g\000i\000n\000e}{section.3.2}% 29
\BOOKMARK [2][-]{subsection.3.2.3}{\376\377\000G\000o\000d\000o\000t\000\040\000E\000n\000g\000i\000n\000e}{section.3.2}% 30
\BOOKMARK [1][-]{section.3.3}{\376\377\000W\000z\000o\000r\000c\000e\000\040\000P\000r\000o\000j\000e\000k\000t\000o\000w\000e\000\040\000w\000\040\000G\000r\000a\000c\000h}{chapter.3}% 31
\BOOKMARK [2][-]{subsection.3.3.1}{\376\377\000M\000a\000s\000z\000y\000n\000a\000\040\000S\000t\000a\000n\000\363\000w\000\040\000\050\000S\000t\000a\000t\000e\000\040\000M\000a\000c\000h\000i\000n\000e\000\051}{section.3.3}% 32
\BOOKMARK [2][-]{subsection.3.3.2}{\376\377\000S\000i\000n\000g\000l\000e\000t\000o\000n}{section.3.3}% 33
\BOOKMARK [2][-]{subsection.3.3.3}{\376\377\000S\000y\000s\000t\000e\000m\000\040\000Z\000d\000a\000r\000z\000e\001\104\000\040\000\050\000E\000v\000e\000n\000t\000\040\000S\000y\000s\000t\000e\000m\000\051}{section.3.3}% 34
\BOOKMARK [2][-]{subsection.3.3.4}{\376\377\000W\000z\000o\000r\000z\000e\000c\000\040\000K\000o\000m\000p\000o\000n\000e\000n\000t\000\040\000\050\000C\000o\000m\000p\000o\000n\000e\000n\000t\000\040\000P\000a\000t\000t\000e\000r\000n\000\051}{section.3.3}% 35
\BOOKMARK [1][-]{section.3.4}{\376\377\000S\000z\000t\000u\000c\000z\000n\000a\000\040\000I\000n\000t\000e\000l\000i\000g\000e\000n\000c\000j\000a\000\040\000w\000\040\000G\000r\000a\000c\000h}{chapter.3}% 36
\BOOKMARK [1][-]{section.3.5}{\376\377\000U\000c\000z\000e\000n\000i\000e\000\040\000W\000z\000m\000o\000c\000n\000i\000o\000n\000e\000\040\000-\000\040\000R\000e\000i\000n\000f\000o\000r\000c\000e\000m\000e\000n\000t\000\040\000L\000e\000a\000r\000n\000i\000n\000g}{chapter.3}% 37
\BOOKMARK [2][-]{subsection.3.5.1}{\376\377\000P\000r\000o\000b\000l\000e\000m\000\040\000B\000a\000n\000d\000y\000t\000y\000\040\000W\000i\000e\000l\000o\000r\000a\000m\000i\000e\000n\000n\000e\000g\000o}{section.3.5}% 38
\BOOKMARK [2][-]{subsection.3.5.2}{\376\377\000S\000t\000r\000a\000t\000e\000g\000i\000a\000\040\000-\000z\000a\000c\000h\001\102\000a\000n\000n\000a}{section.3.5}% 39
\BOOKMARK [2][-]{subsection.3.5.3}{\376\377\000C\000o\000n\000t\000e\000x\000t\000u\000a\000l\000\040\000B\000a\000n\000d\000i\000t}{section.3.5}% 40
\BOOKMARK [2][-]{subsection.3.5.4}{\376\377\000Q\000-\000l\000e\000a\000r\000n\000i\000n\000g\000\040\000z\000\040\000W\000y\000k\001\102\000a\000d\000n\000i\000c\000z\000y\000m\000\040\000U\001\133\000r\000e\000d\000n\000i\000a\000n\000i\000e\000m\000\040\000\050\000E\000M\000A\000\051}{section.3.5}% 41
\BOOKMARK [2][-]{subsection.3.5.5}{\376\377\000M\000o\000d\000e\000l\000o\000w\000a\000n\000i\000e\000\040\000G\000r\000a\000c\000z\000a\000\040\000i\000\040\000P\000r\000e\000d\000y\000k\000c\000j\000a}{section.3.5}% 42
\BOOKMARK [1][-]{section.3.6}{\376\377\000P\000r\000o\000c\000e\000d\000u\000r\000a\000l\000n\000a\000\040\000G\000e\000n\000e\000r\000a\000c\000j\000a\000\040\000T\000r\000e\001\133\000c\000i}{chapter.3}% 43
\BOOKMARK [2][-]{subsection.3.6.1}{\376\377\000D\000r\000u\000n\000k\000a\000r\000d\000'\000s\000\040\000W\000a\000l\000k\000\040\000w\000\040\000E\000c\000h\000o\000e\000s\000\040\000o\000f\000\040\000V\000a\000n\000i\000t\000a\000s}{section.3.6}% 44
\BOOKMARK [1][-]{section.3.7}{\376\377\000D\000y\000n\000a\000m\000i\000c\000z\000n\000e\000\040\000D\000o\000s\000t\000o\000s\000o\000w\000a\000n\000i\000e\000\040\000T\000r\000u\000d\000n\000o\001\133\000c\000i}{chapter.3}% 45
\BOOKMARK [1][-]{section.3.8}{\376\377\000S\000y\000s\000t\000e\000m\000y\000\040\000R\000P\000G\000\040\000-\000\040\000E\000k\000w\000i\000p\000u\000n\000e\000k\000,\000\040\000Q\000u\000e\000s\000t\000y\000\040\000i\000\040\000P\000r\000o\000g\000r\000e\000s\000j\000a}{chapter.3}% 46
\BOOKMARK [1][-]{section.3.9}{\376\377\000S\000e\000r\000i\000a\000l\000i\000z\000a\000c\000j\000a\000\040\000i\000\040\000T\000r\000w\000a\001\102\000o\001\133\001\007}{chapter.3}% 47
\BOOKMARK [1][-]{section.3.10}{\376\377\001\132\000r\000o\000d\000o\000w\000i\000s\000k\000o\000\040\0002\000.\0005\000D}{chapter.3}% 48
\BOOKMARK [0][-]{chapter.4}{\376\377\000A\000r\000c\000h\000i\000t\000e\000k\000t\000u\000r\000a\000\040\000S\000y\000s\000t\000e\000m\000u}{}% 49
\BOOKMARK [1][-]{section.4.1}{\376\377\000S\000t\000r\000u\000k\000t\000u\000r\000a\000\040\000P\000r\000o\000j\000e\000k\000t\000u}{chapter.4}% 50
\BOOKMARK [1][-]{section.4.2}{\376\377\000H\000i\000e\000r\000a\000r\000c\000h\000i\000a\000\040\000S\000c\000e\000n\000\040\000G\000o\000d\000o\000t}{chapter.4}% 51
\BOOKMARK [2][-]{subsection.4.2.1}{\376\377\000A\000u\000t\000o\000l\000o\000a\000d\000y\000\040\000\050\000S\000i\000n\000g\000l\000e\000t\000o\000n\000s\000\040\000G\000l\000o\000b\000a\000l\000n\000e\000\051}{section.4.2}% 52
\BOOKMARK [1][-]{section.4.3}{\376\377\000K\000l\000a\000s\000a\000\040\000B\000a\000z\000o\000w\000a\000\040\000P\000o\000s\000t\000a\000c\000i}{chapter.4}% 53
\BOOKMARK [1][-]{section.4.4}{\376\377\000M\000a\000s\000z\000y\000n\000a\000\040\000S\000t\000a\000n\000\363\000w}{chapter.4}% 54
\BOOKMARK [1][-]{section.4.5}{\376\377\000S\000y\000s\000t\000e\000m\000\040\000Z\000d\000a\000r\000z\000e\001\104}{chapter.4}% 55
\BOOKMARK [1][-]{section.4.6}{\376\377\000S\000y\000s\000t\000e\000m\000\040\000Z\000a\000s\000o\000b\000\363\000w\000\040\000\050\000R\000e\000s\000o\000u\000r\000c\000e\000s\000\051}{chapter.4}% 56
\BOOKMARK [1][-]{section.4.7}{\376\377\000C\000y\000k\000l\000\040\001\173\000y\000c\000i\000a\000\040\000S\000e\000s\000j\000i}{chapter.4}% 57
\BOOKMARK [1][-]{section.4.8}{\376\377\000Z\000a\000r\000z\001\005\000d\000z\000a\000n\000i\000e\000\040\000W\000a\000r\000s\000t\000w\000a\000m\000i\000\040\000K\000o\000l\000i\000z\000j\000i}{chapter.4}% 58
\BOOKMARK [0][-]{chapter.5}{\376\377\000I\000m\000p\000l\000e\000m\000e\000n\000t\000a\000c\000j\000a\000\040\000M\000e\000c\000h\000a\000n\000i\000k\000\040\000G\000r\000y}{}% 59
\BOOKMARK [1][-]{section.5.1}{\376\377\000S\000y\000s\000t\000e\000m\000\040\000P\000o\000s\000t\000a\000c\000i\000\040\000G\000r\000a\000c\000z\000a}{chapter.5}% 60
\BOOKMARK [2][-]{subsection.5.1.1}{\376\377\000S\000t\000a\000n\000y\000\040\000G\000r\000a\000c\000z\000a}{section.5.1}% 61
\BOOKMARK [2][-]{subsection.5.1.2}{\376\377\000S\000t\000a\000t\000y\000s\000t\000y\000k\000i\000\040\000i\000\040\000E\000k\000w\000i\000p\000u\000n\000e\000k}{section.5.1}% 62
\BOOKMARK [2][-]{subsection.5.1.3}{\376\377\000S\000y\000s\000t\000e\000m\000\040\000I\000n\000v\000e\000n\000t\000o\000r\000y\000\040\000i\000\040\000E\000k\000w\000i\000p\000u\000n\000k\000u}{section.5.1}% 63
\BOOKMARK [2][-]{subsection.5.1.4}{\376\377\000U\000l\000e\000p\000s\000z\000a\000n\000i\000e\000\040\000P\000r\000z\000e\000d\000m\000i\000o\000t\000\363\000w}{section.5.1}% 64
\BOOKMARK [1][-]{section.5.2}{\376\377\000S\000y\000s\000t\000e\000m\000\040\000P\000r\000z\000e\000c\000i\000w\000n\000i\000k\000\363\000w}{chapter.5}% 65
\BOOKMARK [2][-]{subsection.5.2.1}{\376\377\000S\000t\000a\000n\000y\000\040\000P\000r\000z\000e\000c\000i\000w\000n\000i\000k\000a}{section.5.2}% 66
\BOOKMARK [2][-]{subsection.5.2.2}{\376\377\000L\000o\000g\000i\000k\000a\000\040\001\132\000m\000i\000e\000r\000c\000i\000\040\000W\000r\000o\000g\000a}{section.5.2}% 67
\BOOKMARK [2][-]{subsection.5.2.3}{\376\377\000S\000y\000s\000t\000e\000m\000\040\000D\000r\000o\000p\000\363\000w}{section.5.2}% 68
\BOOKMARK [2][-]{subsection.5.2.4}{\376\377\000E\000l\000i\000t\000y\000\040\000i\000\040\000S\000h\000a\000d\000e\000r\000\040\000P\000o\000d\001\133\000w\000i\000e\000t\000l\000e\000n\000i\000a}{section.5.2}% 69
\BOOKMARK [2][-]{subsection.5.2.5}{\376\377\000B\000o\000s\000s\000\040\000\050\000B\000o\000s\000s\000E\000n\000e\000m\000y\000\051}{section.5.2}% 70
\BOOKMARK [2][-]{subsection.5.2.6}{\376\377\000N\000i\000e\000w\000i\000d\000z\000i\000a\000l\000n\000i\000\040\000\050\000I\000n\000v\000i\000s\000i\000b\000l\000e\000E\000n\000e\000m\000y\000\051}{section.5.2}% 71
\BOOKMARK [2][-]{subsection.5.2.7}{\376\377\000R\000a\000d\000a\000r\000\040\000\050\000R\000a\000d\000a\000r\000\051}{section.5.2}% 72
\BOOKMARK [3][-]{subsubsection.5.2.7.1}{\376\377\000S\000p\000a\000w\000n\000\040\000R\000a\000d\000a\000r\000\363\000w}{subsection.5.2.7}% 73
\BOOKMARK [1][-]{section.5.3}{\376\377\000A\000d\000a\000p\000t\000a\000c\000y\000j\000n\000a\000\040\000A\000I\000\040\000E\000l\000i\000t\000a\000r\000n\000y\000c\000h\000\040\000P\000r\000z\000e\000c\000i\000w\000n\000i\000k\000\363\000w\000\040\000\050\000E\000l\000i\000t\000e\000B\000r\000a\000i\000n\000\051}{chapter.5}% 74
\BOOKMARK [2][-]{subsection.5.3.1}{\376\377\000T\000a\000k\000t\000y\000k\000i}{section.5.3}% 75
\BOOKMARK [2][-]{subsection.5.3.2}{\376\377\000K\000o\000n\000t\000e\000k\000s\000t\000\040\000B\000a\000n\000d\000y\000t\000y}{section.5.3}% 76
\BOOKMARK [2][-]{subsection.5.3.3}{\376\377\000W\000y\000b\000\363\000r\000\040\000T\000a\000k\000t\000y\000k\000i\000\040\000\050\000-\000g\000r\000e\000e\000d\000y\000\051}{section.5.3}% 77
\BOOKMARK [2][-]{subsection.5.3.4}{\376\377\000S\000y\000g\000n\000a\001\102\000\040\000N\000a\000g\000r\000o\000d\000y}{section.5.3}% 78
\BOOKMARK [2][-]{subsection.5.3.5}{\376\377\000A\000k\000t\000u\000a\000l\000i\000z\000a\000c\000j\000a\000\040\000W\000a\000r\000t\000o\001\133\000c\000i\000\040\000A\000k\000c\000j\000i}{section.5.3}% 79
\BOOKMARK [2][-]{subsection.5.3.6}{\376\377\000M\000o\000d\000e\000l\000\040\000G\000r\000a\000c\000z\000a}{section.5.3}% 80
\BOOKMARK [2][-]{subsection.5.3.7}{\376\377\000A\000d\000a\000p\000t\000a\000c\000j\000a\000\040\000P\000a\000r\000a\000m\000e\000t\000r\000\363\000w}{section.5.3}% 81
\BOOKMARK [2][-]{subsection.5.3.8}{\376\377\000P\000r\000e\000d\000y\000k\000c\000j\000a\000\040\000i\000\040\000C\000e\000l\000\040\000R\000u\000c\000h\000u}{section.5.3}% 82
\BOOKMARK [2][-]{subsection.5.3.9}{\376\377\000C\000y\000k\000l\000\040\001\173\000y\000c\000i\000a\000\040\000S\000t\000a\000r\000c\000i\000a}{section.5.3}% 83
\BOOKMARK [2][-]{subsection.5.3.10}{\376\377\000P\000e\000r\000s\000y\000s\000t\000e\000n\000c\000j\000a}{section.5.3}% 84
\BOOKMARK [2][-]{subsection.5.3.11}{\376\377\000D\000e\000b\000u\000g\000\040\000H\000U\000D\000\040\000\050\000F\0003\000\051}{section.5.3}% 85
\BOOKMARK [2][-]{subsection.5.3.12}{\376\377\000A\000n\000a\000l\000i\000z\000a\000\040\000P\000r\000o\000c\000e\000s\000u\000\040\000U\000c\000z\000e\000n\000i\000a\000\040\000-\000\040\000M\000e\000t\000o\000d\000y\000k\000a\000\040\000i\000\040\000Z\000e\000s\000t\000a\000w\000i\000e\000n\000i\000e}{section.5.3}% 86
\BOOKMARK [1][-]{section.5.4}{\376\377\000P\000r\000o\000c\000e\000d\000u\000r\000a\000l\000n\000a\000\040\000G\000e\000n\000e\000r\000a\000c\000j\000a\000\040\000L\000o\000c\000h\000u}{chapter.5}% 87
\BOOKMARK [2][-]{subsection.5.4.1}{\376\377\000A\000l\000g\000o\000r\000y\000t\000m}{section.5.4}% 88
\BOOKMARK [2][-]{subsection.5.4.2}{\376\377\000M\000o\000d\000y\000f\000i\000k\000a\000t\000o\000r\000y\000\040\000R\000u\000n\000u}{section.5.4}% 89
\BOOKMARK [2][-]{subsection.5.4.3}{\376\377\000S\000p\000a\000w\000n\000y\000,\000\040\000S\000k\000r\000z\000y\000n\000i\000e\000,\000\040\000K\000l\000u\000c\000z\000\040\000i\000\040\000R\000e\000l\000i\000k\000t}{section.5.4}% 90
\BOOKMARK [2][-]{subsection.5.4.4}{\376\377\000B\000a\000l\000a\000n\000s\000\040\000W\000a\000l\000k\000i\000\040\000w\000\040\000L\000o\000c\000h\000u}{section.5.4}% 91
\BOOKMARK [2][-]{subsection.5.4.5}{\376\377\000N\000a\000w\000i\000g\000a\000c\000j\000a}{section.5.4}% 92
\BOOKMARK [2][-]{subsection.5.4.6}{\376\377\000D\000e\000t\000e\000r\000m\000i\000n\000i\000z\000m}{section.5.4}% 93
\BOOKMARK [1][-]{section.5.5}{\376\377\000S\000y\000s\000t\000e\000m\000\040\000Q\000u\000e\000s\000t\000\363\000w}{chapter.5}% 94
\BOOKMARK [2][-]{subsection.5.5.1}{\376\377\000A\000r\000c\000h\000i\000t\000e\000k\000t\000u\000r\000a}{section.5.5}% 95
\BOOKMARK [2][-]{subsection.5.5.2}{\376\377\000Q\000u\000e\000s\000t\000\040\000G\001\102\000\363\000w\000n\000y\000\040\000-\000\040\000P\001\031\000t\000l\000a\000\040\000V\000a\000n\000i\000t\000a\000s}{section.5.5}% 96
\BOOKMARK [2][-]{subsection.5.5.3}{\376\377\000M\000e\000c\000h\000a\000n\000i\000k\000a\000\040\000S\000e\000k\000w\000e\000n\000c\000y\000j\000n\000a}{section.5.5}% 97
\BOOKMARK [1][-]{section.5.6}{\376\377\000M\000i\000n\000i\000-\000G\000r\000y\000\040\000\050\000P\000u\000z\000z\000l\000e\000\040\000L\000o\000c\000k\000b\000o\000x\000e\000s\000\051}{chapter.5}% 98
\BOOKMARK [1][-]{section.5.7}{\376\377\000S\000y\000s\000t\000e\000m\000\040\000Z\000a\000p\000i\000s\000u\000\040\000G\000r\000y}{chapter.5}% 99
\BOOKMARK [2][-]{subsection.5.7.1}{\376\377\000S\000n\000a\000p\000s\000h\000o\000t\000\040\000U\000l\000e\000p\000s\000z\000e\001\104}{section.5.7}% 100
\BOOKMARK [2][-]{subsection.5.7.2}{\376\377\000Z\000a\000p\000i\000s\000\040\000S\000t\000a\000n\000u\000\040\000A\000I}{section.5.7}% 101
\BOOKMARK [1][-]{section.5.8}{\376\377\000I\000n\000t\000e\000r\000f\000e\000j\000s\000\040\000U\001\174\000y\000t\000k\000o\000w\000n\000i\000k\000a\000\040\000i\000\040\000F\000e\000e\000d\000b\000a\000c\000k\000\040\000W\000a\000l\000k\000i}{chapter.5}% 102
\BOOKMARK [2][-]{subsection.5.8.1}{\376\377\000E\000k\000r\000a\000n\000\040\000S\000t\000a\000r\000t\000o\000w\000y}{section.5.8}% 103
\BOOKMARK [2][-]{subsection.5.8.2}{\376\377\000H\000U\000D}{section.5.8}% 104
\BOOKMARK [2][-]{subsection.5.8.3}{\376\377\000M\000e\000n\000u\000\040\000\050\000k\000l\000a\000w\000i\000s\000z\000\040\000I\000\051}{section.5.8}% 105
\BOOKMARK [2][-]{subsection.5.8.4}{\376\377\000T\000o\000a\000s\000t\000y\000\040\000Z\000d\000a\000r\000z\000e\001\104}{section.5.8}% 106
\BOOKMARK [2][-]{subsection.5.8.5}{\376\377\000P\000o\000d\000s\000u\000m\000o\000w\000a\000n\000i\000e\000\040\000W\000y\000p\000r\000a\000w\000y}{section.5.8}% 107
\BOOKMARK [2][-]{subsection.5.8.6}{\376\377\000F\000e\000e\000d\000b\000a\000c\000k\000\040\000W\000a\000l\000k\000i}{section.5.8}% 108
\BOOKMARK [2][-]{subsection.5.8.7}{\376\377\000D\000e\000b\000u\000g\000\040\000H\000U\000D\000\040\000A\000I\000\040\000\050\000F\0003\000\051}{section.5.8}% 109
\BOOKMARK [2][-]{subsection.5.8.8}{\376\377\000M\000i\000n\000i\000m\000a\000p\000a}{section.5.8}% 110
\BOOKMARK [3][-]{subsubsection.5.8.8.1}{\376\377\000S\000p\000r\000i\000t\000e\000'\000y\000\040\000P\000o\000k\000o\000i}{subsection.5.8.8}% 111
\BOOKMARK [3][-]{subsubsection.5.8.8.2}{\376\377\000D\000y\000n\000a\000m\000i\000c\000z\000n\000e\000\040\000I\000k\000o\000n\000y}{subsection.5.8.8}% 112
\BOOKMARK [3][-]{subsubsection.5.8.8.3}{\376\377\000T\000r\000y\000b\000\040\000M\000r\000o\000k\000u}{subsection.5.8.8}% 113
\BOOKMARK [1][-]{section.5.9}{\376\377\000N\000a\000p\000o\000t\000k\000a\000n\000e\000\040\000P\000r\000o\000b\000l\000e\000m\000y\000\040\000i\000\040\000R\000o\000z\000w\000i\001\005\000z\000a\000n\000i\000a}{chapter.5}% 114
\BOOKMARK [0][-]{chapter.6}{\376\377\000Z\000a\000k\000o\001\104\000c\000z\000e\000n\000i\000e}{}% 115
\BOOKMARK [1][-]{section.6.1}{\376\377\000R\000e\000a\000l\000i\000z\000a\000c\000j\000a\000\040\000Z\000a\001\102\000o\001\174\000o\000n\000y\000c\000h\000\040\000C\000e\000l\000\363\000w}{chapter.6}% 116
\BOOKMARK [1][-]{section.6.2}{\376\377\000W\000n\000i\000o\000s\000k\000i\000\040\000T\000e\000c\000h\000n\000i\000c\000z\000n\000e}{chapter.6}% 117
\BOOKMARK [1][-]{section.6.3}{\376\377\000O\000g\000r\000a\000n\000i\000c\000z\000e\000n\000i\000a\000\040\000O\000b\000e\000c\000n\000e\000j\000\040\000W\000e\000r\000s\000j\000i}{chapter.6}% 118
\BOOKMARK [1][-]{section.6.4}{\376\377\000K\000i\000e\000r\000u\000n\000k\000i\000\040\000D\000a\000l\000s\000z\000e\000g\000o\000\040\000R\000o\000z\000w\000o\000j\000u}{chapter.6}% 119
\BOOKMARK [1][-]{section.6.5}{\376\377\000P\000o\000d\000s\000u\000m\000o\000w\000a\000n\000i\000e}{chapter.6}% 120
\BOOKMARK [0][-]{appendix.A}{\376\377\000P\000r\000o\000o\000f\000\040\000o\000f\000\040\000C\000o\000n\000c\000e\000p\000t\000\040\000-\000\040\000S\000t\000a\000n\000\040\000G\000r\000y}{}% 121
\BOOKMARK [1][-]{section.A.1}{\376\377\000P\000a\000r\000a\000m\000e\000t\000r\000y\000\040\000T\000e\000c\000h\000n\000i\000c\000z\000n\000e}{appendix.A}% 122
\BOOKMARK [1][-]{section.A.2}{\376\377\000Z\000r\000e\000a\000l\000i\000z\000o\000w\000a\000n\000e\000\040\000M\000e\000c\000h\000a\000n\000i\000k\000i}{appendix.A}% 123
\BOOKMARK [2][-]{subsection.A.2.1}{\376\377\000H\000u\000b\000\040\001\132\000w\000i\000a\000t\000a\000\040\000\050\000K\000a\000t\000a\000k\000u\000m\000b\000y\000\051}{section.A.2}% 124
\BOOKMARK [2][-]{subsection.A.2.2}{\376\377\000P\000r\000o\000c\000e\000d\000u\000r\000a\000l\000n\000y\000\040\000L\000o\000c\000h}{section.A.2}% 125
\BOOKMARK [2][-]{subsection.A.2.3}{\376\377\000P\000o\000s\000t\000a\001\007\000\040\000G\000r\000a\000c\000z\000a}{section.A.2}% 126
\BOOKMARK [2][-]{subsection.A.2.4}{\376\377\000P\000r\000z\000e\000c\000i\000w\000n\000i\000c\000y}{section.A.2}% 127
\BOOKMARK [2][-]{subsection.A.2.5}{\376\377\000R\000a\000d\000a\000r\000\040\000i\000\040\000W\000y\000k\000r\000y\000w\000a\000n\000i\000e\000\040\000N\000i\000e\000w\000i\000d\000z\000i\000a\000l\000n\000y\000c\000h}{section.A.2}% 128
\BOOKMARK [2][-]{subsection.A.2.6}{\376\377\000M\000i\000n\000i\000m\000a\000p\000a}{section.A.2}% 129
\BOOKMARK [2][-]{subsection.A.2.7}{\376\377\000A\000d\000a\000p\000t\000a\000c\000y\000j\000n\000a\000\040\000A\000I\000\040\000\050\000E\000l\000i\000t\000e\000B\000r\000a\000i\000n\000\051}{section.A.2}% 130
\BOOKMARK [2][-]{subsection.A.2.8}{\376\377\000S\000y\000s\000t\000e\000m\000\040\000Q\000u\000e\000s\000t\000\363\000w}{section.A.2}% 131
\BOOKMARK [2][-]{subsection.A.2.9}{\376\377\000M\000i\000n\000i\000-\000G\000r\000y\000\040\000\050\0005\000\040\000t\000y\000p\000\363\000w\000\051}{section.A.2}% 132
\BOOKMARK [2][-]{subsection.A.2.10}{\376\377\000S\000y\000s\000t\000e\000m\000\040\000Z\000a\000p\000i\000s\000u\000\040\000G\000r\000y}{section.A.2}% 133
\BOOKMARK [2][-]{subsection.A.2.11}{\376\377\000I\000n\000t\000e\000r\000f\000e\000j\000s\000\040\000U\001\174\000y\000t\000k\000o\000w\000n\000i\000k\000a}{section.A.2}% 134
\BOOKMARK [2][-]{subsection.A.2.12}{\376\377\000F\000e\000e\000d\000b\000a\000c\000k\000\040\000W\000a\000l\000k\000i}{section.A.2}% 135
\BOOKMARK [1][-]{section.A.3}{\376\377\000G\000a\000l\000e\000r\000i\000a\000\040\000Z\000r\000z\000u\000t\000\363\000w\000\040\000E\000k\000r\000a\000n\000u}{appendix.A}% 136
\BOOKMARK [2][-]{subsection.A.3.1}{\376\377\000R\000o\000z\000g\000r\000y\000w\000k\000a}{section.A.3}% 137
\BOOKMARK [2][-]{subsection.A.3.2}{\376\377\000I\000n\000t\000e\000r\000f\000e\000j\000s\000\040\000U\001\174\000y\000t\000k\000o\000w\000n\000i\000k\000a}{section.A.3}% 138
\BOOKMARK [2][-]{subsection.A.3.3}{\376\377\000P\000r\000o\000c\000e\000d\000u\000r\000a\000l\000n\000y\000\040\000L\000o\000c\000h}{section.A.3}% 139
\BOOKMARK [2][-]{subsection.A.3.4}{\376\377\000B\000o\000s\000s\000,\000\040\000N\000i\000e\000w\000i\000d\000z\000i\000a\000l\000n\000i\000,\000\040\000R\000a\000d\000a\000r\000\040\000i\000\040\000M\000i\000n\000i\000m\000a\000p\000a}{section.A.3}% 140
\BOOKMARK [2][-]{subsection.A.3.5}{\376\377\000A\000d\000a\000p\000t\000a\000c\000y\000j\000n\000a\000\040\000A\000I\000\040\000-\000\040\000D\000e\000b\000u\000g\000\040\000H\000U\000D}{section.A.3}% 141
\BOOKMARK [2][-]{subsection.A.3.6}{\376\377\000M\000i\000n\000i\000-\000G\000r\000y}{section.A.3}% 142
\BOOKMARK [1][-]{section.A.4}{\376\377\000Z\000n\000a\000n\000e\000\040\000O\000g\000r\000a\000n\000i\000c\000z\000e\000n\000i\000a}{appendix.A}% 143
\BOOKMARK [0][-]{appendix.B}{\376\377\000W\000y\000b\000r\000a\000n\000e\000\040\000F\000r\000a\000g\000m\000e\000n\000t\000y\000\040\000K\000o\000d\000u\000\040\001\171\000r\000\363\000d\001\102\000o\000w\000e\000g\000o}{}% 144
\BOOKMARK [1][-]{section.B.1}{\376\377\000M\000a\000s\000z\000y\000n\000a\000\040\000S\000t\000a\000n\000\363\000w}{appendix.B}% 145
\BOOKMARK [1][-]{section.B.2}{\376\377\000S\000t\000a\000n\000\040\001\132\000m\000i\000e\000r\000c\000i\000\040\000P\000r\000z\000e\000c\000i\000w\000n\000i\000k\000a}{appendix.B}% 146
\BOOKMARK [1][-]{section.B.3}{\376\377\000Q\000u\000e\000s\000t\000M\000a\000n\000a\000g\000e\000r\000\040\000-\000\040\000R\000e\000j\000e\000s\000t\000r\000o\000w\000a\000n\000i\000e\000\040\000Z\000a\000b\000\363\000j\000s\000t\000w}{appendix.B}% 147
\BOOKMARK [1][-]{section.B.4}{\376\377\000E\000l\000i\000t\000e\000B\000r\000a\000i\000n\000\040\000-\000\040\000B\000a\000n\000d\000y\000t\000a\000\040\000K\000o\000n\000t\000e\000k\000s\000t\000o\000w\000y}{appendix.B}% 148
\BOOKMARK [2][-]{subsection.B.4.1}{\376\377\000W\000y\000b\000\363\000r\000\040\000T\000a\000k\000t\000y\000k\000i\000\040\000\050\000-\000g\000r\000e\000e\000d\000y\000\051}{section.B.4}% 149
\BOOKMARK [2][-]{subsection.B.4.2}{\376\377\000A\000k\000t\000u\000a\000l\000i\000z\000a\000c\000j\000a\000\040\000W\000a\000r\000t\000o\001\133\000c\000i\000\040\000A\000k\000c\000j\000i\000\040\000\050\000Q\000-\000l\000e\000a\000r\000n\000i\000n\000g\000\040\000E\000M\000A\000\051}{section.B.4}% 150
\BOOKMARK [2][-]{subsection.B.4.3}{\376\377\000D\000y\000s\000k\000r\000e\000t\000y\000z\000a\000c\000j\000a\000\040\000K\000o\000n\000t\000e\000k\000s\000t\000u}{section.B.4}% 151
\BOOKMARK [2][-]{subsection.B.4.4}{\376\377\000C\000y\000k\000l\000\040\001\173\000y\000c\000i\000a\000\040\000S\000t\000a\000r\000c\000i\000a}{section.B.4}% 152
\BOOKMARK [2][-]{subsection.B.4.5}{\376\377\000P\000r\000e\000d\000y\000k\000c\000j\000a\000\040\000P\000o\000z\000y\000c\000j\000i\000\040\000G\000r\000a\000c\000z\000a\000\040\000i\000\040\000C\000e\000l\000\040\000R\000u\000c\000h\000u\000\040\000E\000l\000i\000t\000y}{section.B.4}% 153
\BOOKMARK [1][-]{section.B.5}{\376\377\000Z\000a\000p\000i\000s\000\040\000S\000t\000a\000n\000u\000\040\000M\000\363\000z\000g\000u\000\040\000A\000I}{appendix.B}% 154
\BOOKMARK [1][-]{section.B.6}{\376\377\000S\000y\000s\000t\000e\000m\000\040\000D\000r\000o\000p\000\363\000w\000\040\000P\000r\000z\000e\000c\000i\000w\000n\000i\000k\000a}{appendix.B}% 155
\BOOKMARK [1][-]{section.B.7}{\376\377\000G\000l\000o\000b\000a\000l\000n\000y\000\040\000S\000y\000s\000t\000e\000m\000\040\000Z\000d\000a\000r\000z\000e\001\104}{appendix.B}% 156
\BOOKMARK [1][-]{section.B.8}{\376\377\000S\000h\000a\000d\000e\000r\000\040\000P\000o\000s\000t\000a\000c\000i\000\040\000-\000\040\000T\000i\000n\000t\000,\000\040\000F\000l\000a\000s\000h\000\040\000i\000\040\000N\000i\000e\000w\000i\000d\000o\000c\000z\000n\000o\001\133\001\007}{appendix.B}% 157
\BOOKMARK [1][-]{section.B.9}{\376\377\000R\000a\000d\000a\000r\000\040\000-\000\040\000D\000e\000t\000e\000k\000c\000j\000a\000\040\000N\000i\000e\000w\000i\000d\000z\000i\000a\000l\000n\000y\000c\000h\000\040\000w\000\040\000P\000\363\001\102\000k\000u\000l\000i}{appendix.B}% 158
\BOOKMARK [1][-]{section.B.10}{\376\377\000M\000i\000n\000i\000m\000a\000p\000a\000\040\000-\000\040\000M\000a\000s\000k\000a\000\040\000K\000o\001\102\000o\000w\000a\000\040\000w\000\040\000c\000a\000n\000v\000a\000s\000\137\000i\000t\000e\000m}{appendix.B}% 159
\BOOKMARK [1][-]{section.B.11}{\376\377\000S\000e\000r\000i\000a\000l\000i\000z\000a\000c\000j\000a\000\040\000A\000u\000t\000o\000s\000a\000v\000e\000'\000a}{appendix.B}% 160
\BOOKMARK [0][-]{section*.59}{\376\377\000O\001\133\000w\000i\000a\000d\000c\000z\000e\000n\000i\000e\000\040\000o\000\040\000w\000y\000k\000o\000r\000z\000y\000s\000t\000a\000n\000i\000u\000\040\000n\000a\000r\000z\001\031\000d\000z\000i\000\040\000A\000I}{}% 161
